Archive member included to satisfy reference by file (symbol)

/home/gll/Software/st/makeself_dir_G0dFfK/stm32cubeide_2.1.0/plugins/com.st.stm32cube.ide.mcu.externaltools.gnu-tools-for-stm32.14.3.rel1.linux64_1.0.100.202602081740/tools/bin/../lib/gcc/arm-none-eabi/14.3.1/../../../../arm-none-eabi/lib/thumb/v7e-m+fp/hard/libc_nano.a(libc_a-exit.o)
                              /home/gll/Software/st/makeself_dir_G0dFfK/stm32cubeide_2.1.0/plugins/com.st.stm32cube.ide.mcu.externaltools.gnu-tools-for-stm32.14.3.rel1.linux64_1.0.100.202602081740/tools/bin/../lib/gcc/arm-none-eabi/14.3.1/../../../../arm-none-eabi/lib/thumb/v7e-m+fp/hard/crt0.o (exit)
/home/gll/Software/st/makeself_dir_G0dFfK/stm32cubeide_2.1.0/plugins/com.st.stm32cube.ide.mcu.externaltools.gnu-tools-for-stm32.14.3.rel1.linux64_1.0.100.202602081740/tools/bin/../lib/gcc/arm-none-eabi/14.3.1/../../../../arm-none-eabi/lib/thumb/v7e-m+fp/hard/libc_nano.a(libc_a-nano-vfprintf_float.o)
                              (_printf_float)
/home/gll/Software/st/makeself_dir_G0dFfK/stm32cubeide_2.1.0/plugins/com.st.stm32cube.ide.mcu.externaltools.gnu-tools-for-stm32.14.3.rel1.linux64_1.0.100.202602081740/tools/bin/../lib/gcc/arm-none-eabi/14.3.1/../../../../arm-none-eabi/lib/thumb/v7e-m+fp/hard/libc_nano.a(libc_a-nano-vfprintf_i.o)
                              /home/gll/Software/st/makeself_dir_G0dFfK/stm32cubeide_2.1.0/plugins/com.st.stm32cube.ide.mcu.externaltools.gnu-tools-for-stm32.14.3.rel1.linux64_1.0.100.202602081740/tools/bin/../lib/gcc/arm-none-eabi/14.3.1/../../../../arm-none-eabi/lib/thumb/v7e-m+fp/hard/libc_nano.a(libc_a-nano-vfprintf_float.o) (_printf_common)
/home/gll/Software/st/makeself_dir_G0dFfK/stm32cubeide_2.1.0/plugins/com.st.stm32cube.ide.mcu.externaltools.gnu-tools-for-stm32.14.3.rel1.linux64_1.0.100.202602081740/tools/bin/../lib/gcc/arm-none-eabi/14.3.1/../../../../arm-none-eabi/lib/thumb/v7e-m+fp/hard/libc_nano.a(libc_a-findfp.o)
                              /home/gll/Software/st/makeself_dir_G0dFfK/stm32cubeide_2.1.0/plugins/com.st.stm32cube.ide.mcu.externaltools.gnu-tools-for-stm32.14.3.rel1.linux64_1.0.100.202602081740/tools/bin/../lib/gcc/arm-none-eabi/14.3.1/../../../../arm-none-eabi/lib/thumb/v7e-m+fp/hard/libc_nano.a(libc_a-exit.o) (__stdio_exit_handler)
/home/gll/Software/st/makeself_dir_G0dFfK/stm32cubeide_2.1.0/plugins/com.st.stm32cube.ide.mcu.externaltools.gnu-tools-for-stm32.14.3.rel1.linux64_1.0.100.202602081740/tools/bin/../lib/gcc/arm-none-eabi/14.3.1/../../../../arm-none-eabi/lib/thumb/v7e-m+fp/hard/libc_nano.a(libc_a-fwalk.o)
                              /home/gll/Software/st/makeself_dir_G0dFfK/stm32cubeide_2.1.0/plugins/com.st.stm32cube.ide.mcu.externaltools.gnu-tools-for-stm32.14.3.rel1.linux64_1.0.100.202602081740/tools/bin/../lib/gcc/arm-none-eabi/14.3.1/../../../../arm-none-eabi/lib/thumb/v7e-m+fp/hard/libc_nano.a(libc_a-findfp.o) (_fwalk_sglue)
/home/gll/Software/st/makeself_dir_G0dFfK/stm32cubeide_2.1.0/plugins/com.st.stm32cube.ide.mcu.externaltools.gnu-tools-for-stm32.14.3.rel1.linux64_1.0.100.202602081740/tools/bin/../lib/gcc/arm-none-eabi/14.3.1/../../../../arm-none-eabi/lib/thumb/v7e-m+fp/hard/libc_nano.a(libc_a-sprintf.o)
                              ./Core/Src/main.o (sprintf)
/home/gll/Software/st/makeself_dir_G0dFfK/stm32cubeide_2.1.0/plugins/com.st.stm32cube.ide.mcu.externaltools.gnu-tools-for-stm32.14.3.rel1.linux64_1.0.100.202602081740/tools/bin/../lib/gcc/arm-none-eabi/14.3.1/../../../../arm-none-eabi/lib/thumb/v7e-m+fp/hard/libc_nano.a(libc_a-stdio.o)
                              /home/gll/Software/st/makeself_dir_G0dFfK/stm32cubeide_2.1.0/plugins/com.st.stm32cube.ide.mcu.externaltools.gnu-tools-for-stm32.14.3.rel1.linux64_1.0.100.202602081740/tools/bin/../lib/gcc/arm-none-eabi/14.3.1/../../../../arm-none-eabi/lib/thumb/v7e-m+fp/hard/libc_nano.a(libc_a-findfp.o) (__sread)
/home/gll/Software/st/makeself_dir_G0dFfK/stm32cubeide_2.1.0/plugins/com.st.stm32cube.ide.mcu.externaltools.gnu-tools-for-stm32.14.3.rel1.linux64_1.0.100.202602081740/tools/bin/../lib/gcc/arm-none-eabi/14.3.1/../../../../arm-none-eabi/lib/thumb/v7e-m+fp/hard/libc_nano.a(libc_a-vsprintf.o)
                              ./Core/Src/HD44780_I2C_lcd.o (vsprintf)
/home/gll/Software/st/makeself_dir_G0dFfK/stm32cubeide_2.1.0/plugins/com.st.stm32cube.ide.mcu.externaltools.gnu-tools-for-stm32.14.3.rel1.linux64_1.0.100.202602081740/tools/bin/../lib/gcc/arm-none-eabi/14.3.1/../../../../arm-none-eabi/lib/thumb/v7e-m+fp/hard/libc_nano.a(libc_a-memset.o)
                              /home/gll/Software/st/makeself_dir_G0dFfK/stm32cubeide_2.1.0/plugins/com.st.stm32cube.ide.mcu.externaltools.gnu-tools-for-stm32.14.3.rel1.linux64_1.0.100.202602081740/tools/bin/../lib/gcc/arm-none-eabi/14.3.1/../../../../arm-none-eabi/lib/thumb/v7e-m+fp/hard/crt0.o (memset)
[...]
Memory Configuration

Name             Origin             Length             Attributes
CCMRAM           0x10000000         0x00001000         xrw
RAM              0x20000000         0x00003000         xrw
FLASH            0x08000000         0x00010000         xr
*default*        0x00000000         0xffffffff

Linker script and memory map

LOAD /home/gll/Software/st/makeself_dir_G0dFfK/stm32cubeide_2.1.0/plugins/com.st.stm32cube.ide.mcu.externaltools.gnu-tools-for-stm32.14.3.rel1.linux64_1.0.100.202602081740/tools/bin/../lib/gcc/arm-none-eabi/14.3.1/thumb/v7e-m+fp/hard/crti.o
LOAD /home/gll/Software/st/makeself_dir_G0dFfK/stm32cubeide_2.1.0/plugins/com.st.stm32cube.ide.mcu.externaltools.gnu-tools-for-stm32.14.3.rel1.linux64_1.0.100.202602081740/tools/bin/../lib/gcc/arm-none-eabi/14.3.1/thumb/v7e-m+fp/hard/crtbegin.o
LOAD /home/gll/Software/st/makeself_dir_G0dFfK/stm32cubeide_2.1.0/plugins/com.st.stm32cube.ide.mcu.externaltools.gnu-tools-for-stm32.14.3.rel1.linux64_1.0.100.202602081740/tools/bin/../lib/gcc/arm-none-eabi/14.3.1/../../../../arm-none-eabi/lib/thumb/v7e-m+fp/hard/crt0.o
LOAD ./Core/Src/HD44780_I2C_lcd.o
LOAD ./Core/Src/main.o
LOAD ./Core/Src/stm32f3xx_hal_msp.o
LOAD ./Core/Src/stm32f3xx_it.o
LOAD ./Core/Src/syscalls.o
LOAD ./Core/Src/sysmem.o
LOAD ./Core/Src/system_stm32f3xx.o
LOAD ./Core/Startup/startup_stm32f303k8tx.o
LOAD ./Drivers/STM32F3xx_HAL_Driver/Src/stm32f3xx_hal.o
LOAD ./Drivers/STM32F3xx_HAL_Driver/Src/stm32f3xx_hal_cortex.o
LOAD ./Drivers/STM32F3xx_HAL_Driver/Src/stm32f3xx_hal_dma.o
LOAD ./Drivers/STM32F3xx_HAL_Driver/Src/stm32f3xx_hal_exti.o
LOAD ./Drivers/STM32F3xx_HAL_Driver/Src/stm32f3xx_hal_flash.o
LOAD ./Drivers/STM32F3xx_HAL_Driver/Src/stm32f3xx_hal_flash_ex.o
LOAD ./Drivers/STM32F3xx_HAL_Driver/Src/stm32f3xx_hal_gpio.o
LOAD ./Drivers/STM32F3xx_HAL_Driver/Src/stm32f3xx_hal_i2c.o
LOAD ./Drivers/STM32F3xx_HAL_Driver/Src/stm32f3xx_hal_i2c_ex.o
LOAD ./Drivers/STM32F3xx_HAL_Driver/Src/stm32f3xx_hal_pwr.o
LOAD ./Drivers/STM32F3xx_HAL_Driver/Src/stm32f3xx_hal_pwr_ex.o
LOAD ./Drivers/STM32F3xx_HAL_Driver/Src/stm32f3xx_hal_rcc.o
LOAD ./Drivers/STM32F3xx_HAL_Driver/Src/stm32f3xx_hal_rcc_ex.o
LOAD ./Drivers/STM32F3xx_HAL_Driver/Src/stm32f3xx_hal_tim.o
LOAD ./Drivers/STM32F3xx_HAL_Driver/Src/stm32f3xx_hal_tim_ex.o
LOAD ./Drivers/STM32F3xx_HAL_Driver/Src/stm32f3xx_hal_uart.o
LOAD ./Drivers/STM32F3xx_HAL_Driver/Src/stm32f3xx_hal_uart_ex.o
START GROUP
LOAD /home/gll/Software/st/makeself_dir_G0dFfK/stm32cubeide_2.1.0/plugins/com.st.stm32cube.ide.mcu.externaltools.gnu-tools-for-stm32.14.3.rel1.linux64_1.0.100.202602081740/tools/bin/../lib/gcc/arm-none-eabi/14.3.1/../../../../arm-none-eabi/lib/thumb/v7e-m+fp/hard/libc_nano.a
LOAD /home/gll/Software/st/makeself_dir_G0dFfK/stm32cubeide_2.1.0/plugins/com.st.stm32cube.ide.mcu.externaltools.gnu-tools-for-stm32.14.3.rel1.linux64_1.0.100.202602081740/tools/bin/../lib/gcc/arm-none-eabi/14.3.1/../../../../arm-none-eabi/lib/thumb/v7e-m+fp/hard/libm.a
END GROUP
START GROUP
LOAD /home/gll/Software/st/makeself_dir_G0dFfK/stm32cubeide_2.1.0/plugins/com.st.stm32cube.ide.mcu.externaltools.gnu-tools-for-stm32.14.3.rel1.linux64_1.0.100.202602081740/tools/bin/../lib/gcc/arm-none-eabi/14.3.1/thumb/v7e-m+fp/hard/libgcc.a
LOAD /home/gll/Software/st/makeself_dir_G0dFfK/stm32cubeide_2.1.0/plugins/com.st.stm32cube.ide.mcu.externaltools.gnu-tools-for-stm32.14.3.rel1.linux64_1.0.100.202602081740/tools/bin/../lib/gcc/arm-none-eabi/14.3.1/../../../../arm-none-eabi/lib/thumb/v7e-m+fp/hard/libc_nano.a
END GROUP
START GROUP
LOAD /home/gll/Software/st/makeself_dir_G0dFfK/stm32cubeide_2.1.0/plugins/com.st.stm32cube.ide.mcu.externaltools.gnu-tools-for-stm32.14.3.rel1.linux64_1.0.100.202602081740/tools/bin/../lib/gcc/arm-none-eabi/14.3.1/thumb/v7e-m+fp/hard/libgcc.a
LOAD /home/gll/Software/st/makeself_dir_G0dFfK/stm32cubeide_2.1.0/plugins/com.st.stm32cube.ide.mcu.externaltools.gnu-tools-for-stm32.14.3.rel1.linux64_1.0.100.202602081740/tools/bin/../lib/gcc/arm-none-eabi/14.3.1/../../../../arm-none-eabi/lib/thumb/v7e-m+fp/hard/libc_nano.a
LOAD /home/gll/Software/st/makeself_dir_G0dFfK/stm32cubeide_2.1.0/plugins/com.st.stm32cube.ide.mcu.externaltools.gnu-tools-for-stm32.14.3.rel1.linux64_1.0.100.202602081740/tools/bin/../lib/gcc/arm-none-eabi/14.3.1/../../../../arm-none-eabi/lib/thumb/v7e-m+fp/hard/libnosys.a
END GROUP
START GROUP
LOAD /home/gll/Software/st/makeself_dir_G0dFfK/stm32cubeide_2.1.0/plugins/com.st.stm32cube.ide.mcu.externaltools.gnu-tools-for-stm32.14.3.rel1.linux64_1.0.100.202602081740/tools/bin/../lib/gcc/arm-none-eabi/14.3.1/thumb/v7e-m+fp/hard/libgcc.a
LOAD /home/gll/Software/st/makeself_dir_G0dFfK/stm32cubeide_2.1.0/plugins/com.st.stm32cube.ide.mcu.externaltools.gnu-tools-for-stm32.14.3.rel1.linux64_1.0.100.202602081740/tools/bin/../lib/gcc/arm-none-eabi/14.3.1/../../../../arm-none-eabi/lib/thumb/v7e-m+fp/hard/libc_nano.a
LOAD /home/gll/Software/st/makeself_dir_G0dFfK/stm32cubeide_2.1.0/plugins/com.st.stm32cube.ide.mcu.externaltools.gnu-tools-for-stm32.14.3.rel1.linux64_1.0.100.202602081740/tools/bin/../lib/gcc/arm-none-eabi/14.3.1/../../../../arm-none-eabi/lib/thumb/v7e-m+fp/hard/libnosys.a
END GROUP
LOAD /home/gll/Software/st/makeself_dir_G0dFfK/stm32cubeide_2.1.0/plugins/com.st.stm32cube.ide.mcu.externaltools.gnu-tools-for-stm32.14.3.rel1.linux64_1.0.100.202602081740/tools/bin/../lib/gcc/arm-none-eabi/14.3.1/thumb/v7e-m+fp/hard/crtend.o
LOAD /home/gll/Software/st/makeself_dir_G0dFfK/stm32cubeide_2.1.0/plugins/com.st.stm32cube.ide.mcu.externaltools.gnu-tools-for-stm32.14.3.rel1.linux64_1.0.100.202602081740/tools/bin/../lib/gcc/arm-none-eabi/14.3.1/thumb/v7e-m+fp/hard/crtn.o
                0x20003000                        _estack = (ORIGIN (RAM) + LENGTH (RAM))
                0x00000200                        _Min_Heap_Size = 0x200
                0x00000400                        _Min_Stack_Size = 0x400

.isr_vector     0x08000000      0x188
                0x08000000                        . = ALIGN (0x4)
 *(.isr_vector)
 .isr_vector    0x08000000      0x188 ./Core/Startup/startup_stm32f303k8tx.o
                0x08000000                g_pfnVectors
                0x08000188                        . = ALIGN (0x4)

.text           0x08000190     0x745c
                0x08000190                        . = ALIGN (0x4)
 *(.text)
 .text          0x08000190       0x40 /home/gll/Software/st/makeself_dir_G0dFfK/stm32cubeide_2.1.0/plugins/com.st.stm32cube.ide.mcu.externaltools.gnu-tools-for-stm32.14.3.rel1.linux64_1.0.100.202602081740/tools/bin/../lib/gcc/arm-none-eabi/14.3.1/thumb/v7e-m+fp/hard/crtbegin.o
 .text          0x080001d0       0xa0 /home/gll/Software/st/makeself_dir_G0dFfK/stm32cubeide_2.1.0/plugins/com.st.stm32cube.ide.mcu.externaltools.gnu-tools-for-stm32.14.3.rel1.linux64_1.0.100.202602081740/tools/bin/../lib/gcc/arm-none-eabi/14.3.1/../../../../arm-none-eabi/lib/thumb/v7e-m+fp/hard/libc_nano.a(libc_a-memchr.o)
                0x080001d0                memchr
 .text          0x08000270       0x10 /home/gll/Software/st/makeself_dir_G0dFfK/stm32cubeide_2.1.0/plugins/com.st.stm32cube.ide.mcu.externaltools.gnu-tools-for-stm32.14.3.rel1.linux64_1.0.100.202602081740/tools/bin/../lib/gcc/arm-none-eabi/14.3.1/../../../../arm-none-eabi/lib/thumb/v7e-m+fp/hard/libc_nano.a(libc_a-strlen.o)
                0x08000270                strlen
 .text          0x08000280      0x378 /home/gll/Software/st/makeself_dir_G0dFfK/stm32cubeide_2.1.0/plugins/com.st.stm32cube.ide.mcu.externaltools.gnu-tools-for-stm32.14.3.rel1.linux64_1.0.100.202602081740/tools/bin/../lib/gcc/arm-none-eabi/14.3.1/thumb/v7e-m+fp/hard/libgcc.a(_arm_addsubdf3.o)
                0x08000280                __aeabi_drsub
                0x08000288                __aeabi_dsub
                0x08000288                __subdf3
                0x0800028c                __adddf3
                0x0800028c                __aeabi_dadd
                0x08000504                __aeabi_ui2d
                0x08000504                __floatunsidf
                0x08000524                __floatsidf
                0x08000524                __aeabi_i2d
                0x08000548                __extendsfdf2
                0x08000548                __aeabi_f2d
                0x0800058c                __aeabi_ul2d
                0x0800058c                __floatundidf
                0x0800059c                __floatdidf
                0x0800059c                __aeabi_l2d
 .text          0x080005f8      0x424 /home/gll/Software/st/makeself_dir_G0dFfK/stm32cubeide_2.1.0/plugins/com.st.stm32cube.ide.mcu.externaltools.gnu-tools-for-stm32.14.3.rel1.linux64_1.0.100.202602081740/tools/bin/../lib/gcc/arm-none-eabi/14.3.1/thumb/v7e-m+fp/hard/libgcc.a(_arm_muldivdf3.o)
                0x080005f8                __aeabi_dmul
                0x080005f8                __muldf3
                0x0800084c                __aeabi_ddiv
                0x0800084c                __divdf3
 .text          0x08000a1c      0x110 /home/gll/Software/st/makeself_dir_G0dFfK/stm32cubeide_2.1.0/plugins/com.st.stm32cube.ide.mcu.externaltools.gnu-tools-for-stm32.14.3.rel1.linux64_1.0.100.202602081740/tools/bin/../lib/gcc/arm-none-eabi/14.3.1/thumb/v7e-m+fp/hard/libgcc.a(_arm_cmpdf2.o)
                0x08000a1c                __gtdf2
                0x08000a1c                __gedf2
                0x08000a24                __ltdf2
                0x08000a24                __ledf2
                0x08000a2c                __cmpdf2
                0x08000a2c                __eqdf2
                0x08000a2c                __nedf2
                0x08000aa8                __aeabi_cdrcmple
                0x08000ab8                __aeabi_cdcmple
                0x08000ab8                __aeabi_cdcmpeq
                0x08000ac8                __aeabi_dcmpeq
                0x08000adc                __aeabi_dcmplt
                0x08000af0                __aeabi_dcmple
                0x08000b04                __aeabi_dcmpge
                0x08000b18                __aeabi_dcmpgt
 .text          0x08000b2c       0x2c /home/gll/Software/st/makeself_dir_G0dFfK/stm32cubeide_2.1.0/plugins/com.st.stm32cube.ide.mcu.externaltools.gnu-tools-for-stm32.14.3.rel1.linux64_1.0.100.202602081740/tools/bin/../lib/gcc/arm-none-eabi/14.3.1/thumb/v7e-m+fp/hard/libgcc.a(_arm_unorddf2.o)
                0x08000b2c                __aeabi_dcmpun
                0x08000b2c                __unorddf2
 .text          0x08000b58       0x50 /home/gll/Software/st/makeself_dir_G0dFfK/stm32cubeide_2.1.0/plugins/com.st.stm32cube.ide.mcu.externaltools.gnu-tools-for-stm32.14.3.rel1.linux64_1.0.100.202602081740/tools/bin/../lib/gcc/arm-none-eabi/14.3.1/thumb/v7e-m+fp/hard/libgcc.a(_arm_fixdfsi.o)
                0x08000b58                __fixdfsi
                0x08000b58                __aeabi_d2iz
 *(.text*)
 .text.PCF8574_LCDSendData
                0x08000ba8       0xa8 ./Core/Src/HD44780_I2C_lcd.o
                0x08000ba8                PCF8574_LCDSendData
 .text.PCF8574_LCDSendCmd
                0x08000c50       0xa8 ./Core/Src/HD44780_I2C_lcd.o
                0x08000c50                PCF8574_LCDSendCmd
 .text.PCF8574_LCDClearLine
                0x08000cf8       0x94 ./Core/Src/HD44780_I2C_lcd.o
                0x08000cf8                PCF8574_LCDClearLine
 .text.PCF8574_LCDClearScreen
                0x08000d8c       0x44 ./Core/Src/HD44780_I2C_lcd.o
                0x08000d8c                PCF8574_LCDClearScreen
 .text.PCF8574_LCDResetScreen
                0x08000dd0       0x38 ./Core/Src/HD44780_I2C_lcd.o
                0x08000dd0                PCF8574_LCDResetScreen
 .text.PCF8574_LCDInit
                0x08000e08       0xb0 ./Core/Src/HD44780_I2C_lcd.o
                0x08000e08                PCF8574_LCDInit
 .text.PCF8574_LCDSendString
                0x08000eb8       0x2a ./Core/Src/HD44780_I2C_lcd.o
                0x08000eb8                PCF8574_LCDSendString
 .text.PCF8574_LCDSendChar
                0x08000ee2       0x1a ./Core/Src/HD44780_I2C_lcd.o
                0x08000ee2                PCF8574_LCDSendChar
 .text.PCF8574_LCDMoveCursor
                0x08000efc       0x58 ./Core/Src/HD44780_I2C_lcd.o
                0x08000efc                PCF8574_LCDMoveCursor
 .text.PCF8574_LCDScroll
                0x08000f54       0x58 ./Core/Src/HD44780_I2C_lcd.o
                0x08000f54                PCF8574_LCDScroll
 .text.PCF8574_LCDGOTO
                0x08000fac       0xa8 ./Core/Src/HD44780_I2C_lcd.o
                0x08000fac                PCF8574_LCDGOTO
 .text.PCF8574_LCDCreateCustomChar
                0x08001054       0x52 ./Core/Src/HD44780_I2C_lcd.o
                0x08001054                PCF8574_LCDCreateCustomChar
 .text.PCF8574_LCDPrintCustomChar
                0x080010a6       0x22 ./Core/Src/HD44780_I2C_lcd.o
                0x080010a6                PCF8574_LCDPrintCustomChar
 .text.PCF8574_LCDBackLightSet
                0x080010c8       0x30 ./Core/Src/HD44780_I2C_lcd.o
                0x080010c8                PCF8574_LCDBackLightSet
 .text.PCF8574_LCDPrintf
                0x080010f8       0x9c ./Core/Src/HD44780_I2C_lcd.o
                0x080010f8                PCF8574_LCDPrintf
 .text.PCF8574_LCDClearScreenCmd
                0x08001194       0x14 ./Core/Src/HD44780_I2C_lcd.o
                0x08001194                PCF8574_LCDClearScreenCmd
 .text.main     0x080011a8       0x50 ./Core/Src/main.o
                0x080011a8                main
 .text.SystemClock_Config
                0x080011f8       0xa4 ./Core/Src/main.o
                0x080011f8                SystemClock_Config
 .text.MX_I2C1_Init
                0x0800129c       0x80 ./Core/Src/main.o
 .text.MX_USART2_UART_Init
                0x0800131c       0x60 ./Core/Src/main.o
 .text.MX_GPIO_Init
                0x0800137c       0x60 ./Core/Src/main.o
 .text.Setup    0x080013dc       0x9c ./Core/Src/main.o
                0x080013dc                Setup
 .text.TestPrintf
                0x08001478       0x8c ./Core/Src/main.o
                0x08001478                TestPrintf
 .text.EntryModeTest
                0x08001504       0x78 ./Core/Src/main.o
                0x08001504                EntryModeTest
 .text.HelloWorld
                0x0800157c       0x3c ./Core/Src/main.o
                0x0800157c                HelloWorld
 .text.CursorMoveTest
                0x080015b8       0x28 ./Core/Src/main.o
                0x080015b8                CursorMoveTest
 .text.ScrollTest
                0x080015e0       0x40 ./Core/Src/main.o
                0x080015e0                ScrollTest
 .text.GotoTest
                0x08001620       0x50 ./Core/Src/main.o
                0x08001620                GotoTest
 .text.CursorTypeTest
                0x08001670       0x9c ./Core/Src/main.o
                0x08001670                CursorTypeTest
 .text.CustomChar
                0x0800170c       0xa0 ./Core/Src/main.o
                0x0800170c                CustomChar
 .text.BackLightTest
                0x080017ac       0x4c ./Core/Src/main.o
                0x080017ac                BackLightTest
 .text.Error_Handler
                0x080017f8        0xc ./Core/Src/main.o
                0x080017f8                Error_Handler
 .text.HAL_MspInit
                0x08001804       0x48 ./Core/Src/stm32f3xx_hal_msp.o
                0x08001804                HAL_MspInit
 .text.HAL_I2C_MspInit
                0x0800184c       0x88 ./Core/Src/stm32f3xx_hal_msp.o
                0x0800184c                HAL_I2C_MspInit
 .text.HAL_UART_MspInit
                0x080018d4       0x88 ./Core/Src/stm32f3xx_hal_msp.o
                0x080018d4                HAL_UART_MspInit
 .text.NMI_Handler
                0x0800195c        0x8 ./Core/Src/stm32f3xx_it.o
                0x0800195c                NMI_Handler
 .text.HardFault_Handler
                0x08001964        0x8 ./Core/Src/stm32f3xx_it.o
                0x08001964                HardFault_Handler
 .text.MemManage_Handler
                0x0800196c        0x8 ./Core/Src/stm32f3xx_it.o
                0x0800196c                MemManage_Handler
 .text.BusFault_Handler
                0x08001974        0x8 ./Core/Src/stm32f3xx_it.o
                0x08001974                BusFault_Handler
 .text.UsageFault_Handler
                0x0800197c        0x8 ./Core/Src/stm32f3xx_it.o
                0x0800197c                UsageFault_Handler
 .text.SVC_Handler
                0x08001984        0xe ./Core/Src/stm32f3xx_it.o
                0x08001984                SVC_Handler
 .text.DebugMon_Handler
                0x08001992        0xe ./Core/Src/stm32f3xx_it.o
                0x08001992                DebugMon_Handler
 .text.PendSV_Handler
                0x080019a0        0xe ./Core/Src/stm32f3xx_it.o
                0x080019a0                PendSV_Handler
 .text.SysTick_Handler
                0x080019ae        0xc ./Core/Src/stm32f3xx_it.o
                0x080019ae                SysTick_Handler
 .text._getpid  0x080019ba       0x10 ./Core/Src/syscalls.o
                0x080019ba                _getpid
 .text._kill    0x080019ca       0x20 ./Core/Src/syscalls.o
                0x080019ca                _kill
 .text._exit    0x080019ea       0x16 ./Core/Src/syscalls.o
                0x080019ea                _exit
 .text._read    0x08001a00       0x3a ./Core/Src/syscalls.o
                0x08001a00                _read
 .text._write   0x08001a3a       0x38 ./Core/Src/syscalls.o
                0x08001a3a                _write
 .text._close   0x08001a72       0x18 ./Core/Src/syscalls.o
                0x08001a72                _close
 .text._fstat   0x08001a8a       0x20 ./Core/Src/syscalls.o
                0x08001a8a                _fstat
 .text._isatty  0x08001aaa       0x16 ./Core/Src/syscalls.o
                0x08001aaa                _isatty
 .text._lseek   0x08001ac0       0x1a ./Core/Src/syscalls.o
                0x08001ac0                _lseek
 *fill*         0x08001ada        0x2 
 .text._sbrk    0x08001adc       0x6c ./Core/Src/sysmem.o
                0x08001adc                _sbrk
 .text.SystemInit
                0x08001b48       0x24 ./Core/Src/system_stm32f3xx.o
                0x08001b48                SystemInit
 .text.Reset_Handler
                0x08001b6c       0x50 ./Core/Startup/startup_stm32f303k8tx.o
                0x08001b6c                Reset_Handler
 .text.Default_Handler
                0x08001bbc        0x2 ./Core/Startup/startup_stm32f303k8tx.o
                0x08001bbc                RTC_Alarm_IRQHandler
                0x08001bbc                TIM1_CC_IRQHandler
                0x08001bbc                PVD_IRQHandler
                0x08001bbc                TAMP_STAMP_IRQHandler
                0x08001bbc                EXTI3_IRQHandler
                0x08001bbc                EXTI0_IRQHandler
                0x08001bbc                FPU_IRQHandler
                0x08001bbc                CAN_TX_IRQHandler
                0x08001bbc                TIM1_UP_TIM16_IRQHandler
                0x08001bbc                ADC1_2_IRQHandler
                0x08001bbc                SPI1_IRQHandler
                0x08001bbc                CAN_SCE_IRQHandler
                0x08001bbc                DMA1_Channel4_IRQHandler
                0x08001bbc                USART3_IRQHandler
                0x08001bbc                DMA1_Channel7_IRQHandler
                0x08001bbc                TIM7_DAC2_IRQHandler
                0x08001bbc                CAN_RX1_IRQHandler
                0x08001bbc                I2C1_EV_IRQHandler
                0x08001bbc                DMA1_Channel6_IRQHandler
                0x08001bbc                TIM3_IRQHandler
                0x08001bbc                RCC_IRQHandler
                0x08001bbc                DMA1_Channel1_IRQHandler
                0x08001bbc                Default_Handler
                0x08001bbc                EXTI15_10_IRQHandler
                0x08001bbc                COMP2_IRQHandler
                0x08001bbc                TIM6_DAC1_IRQHandler
                0x08001bbc                EXTI9_5_IRQHandler
                0x08001bbc                RTC_WKUP_IRQHandler
                0x08001bbc                DMA1_Channel5_IRQHandler
                0x08001bbc                EXTI4_IRQHandler
                0x08001bbc                TIM1_TRG_COM_TIM17_IRQHandler
                0x08001bbc                DMA1_Channel3_IRQHandler
                0x08001bbc                WWDG_IRQHandler
                0x08001bbc                TIM2_IRQHandler
                0x08001bbc                EXTI1_IRQHandler
                0x08001bbc                COMP4_6_IRQHandler
                0x08001bbc                USART2_IRQHandler
                0x08001bbc                DMA1_Channel2_IRQHandler
                0x08001bbc                FLASH_IRQHandler
                0x08001bbc                USART1_IRQHandler
                0x08001bbc                CAN_RX0_IRQHandler
                0x08001bbc                I2C1_ER_IRQHandler
                0x08001bbc                EXTI2_TSC_IRQHandler
                0x08001bbc                TIM1_BRK_TIM15_IRQHandler
 *fill*         0x08001bbe        0x2 
 .text.HAL_Init
                0x08001bc0       0x2c ./Drivers/STM32F3xx_HAL_Driver/Src/stm32f3xx_hal.o
                0x08001bc0                HAL_Init
 .text.HAL_InitTick
                0x08001bec       0x60 ./Drivers/STM32F3xx_HAL_Driver/Src/stm32f3xx_hal.o
                0x08001bec                HAL_InitTick
 .text.HAL_IncTick
                0x08001c4c       0x28 ./Drivers/STM32F3xx_HAL_Driver/Src/stm32f3xx_hal.o
                0x08001c4c                HAL_IncTick
 .text.HAL_GetTick
                0x08001c74       0x18 ./Drivers/STM32F3xx_HAL_Driver/Src/stm32f3xx_hal.o
                0x08001c74                HAL_GetTick
 .text.HAL_Delay
                0x08001c8c       0x48 ./Drivers/STM32F3xx_HAL_Driver/Src/stm32f3xx_hal.o
                0x08001c8c                HAL_Delay
 .text.__NVIC_SetPriorityGrouping
                0x08001cd4       0x48 ./Drivers/STM32F3xx_HAL_Driver/Src/stm32f3xx_hal_cortex.o
 .text.__NVIC_GetPriorityGrouping
                0x08001d1c       0x1c ./Drivers/STM32F3xx_HAL_Driver/Src/stm32f3xx_hal_cortex.o
 .text.__NVIC_SetPriority
                0x08001d38       0x54 ./Drivers/STM32F3xx_HAL_Driver/Src/stm32f3xx_hal_cortex.o
 .text.NVIC_EncodePriority
                0x08001d8c       0x66 ./Drivers/STM32F3xx_HAL_Driver/Src/stm32f3xx_hal_cortex.o
 *fill*         0x08001df2        0x2 
 .text.SysTick_Config
                0x08001df4       0x44 ./Drivers/STM32F3xx_HAL_Driver/Src/stm32f3xx_hal_cortex.o
 .text.HAL_NVIC_SetPriorityGrouping
                0x08001e38       0x16 ./Drivers/STM32F3xx_HAL_Driver/Src/stm32f3xx_hal_cortex.o
                0x08001e38                HAL_NVIC_SetPriorityGrouping
 .text.HAL_NVIC_SetPriority
                0x08001e4e       0x38 ./Drivers/STM32F3xx_HAL_Driver/Src/stm32f3xx_hal_cortex.o
                0x08001e4e                HAL_NVIC_SetPriority
 .text.HAL_SYSTICK_Config
                0x08001e86       0x18 ./Drivers/STM32F3xx_HAL_Driver/Src/stm32f3xx_hal_cortex.o
                0x08001e86                HAL_SYSTICK_Config
 *fill*         0x08001e9e        0x2 
 .text.HAL_GPIO_Init
                0x08001ea0      0x2e4 ./Drivers/STM32F3xx_HAL_Driver/Src/stm32f3xx_hal_gpio.o
                0x08001ea0                HAL_GPIO_Init
 .text.HAL_I2C_Init
                0x08002184      0x11e ./Drivers/STM32F3xx_HAL_Driver/Src/stm32f3xx_hal_i2c.o
                0x08002184                HAL_I2C_Init
 *fill*         0x080022a2        0x2 
 .text.HAL_I2C_Master_Transmit
                0x080022a4      0x1e8 ./Drivers/STM32F3xx_HAL_Driver/Src/stm32f3xx_hal_i2c.o
                0x080022a4                HAL_I2C_Master_Transmit
 .text.I2C_Flush_TXDR
                0x0800248c       0x48 ./Drivers/STM32F3xx_HAL_Driver/Src/stm32f3xx_hal_i2c.o
 .text.I2C_WaitOnFlagUntilTimeout
                0x080024d4       0x9e ./Drivers/STM32F3xx_HAL_Driver/Src/stm32f3xx_hal_i2c.o
 .text.I2C_WaitOnTXISFlagUntilTimeout
                0x08002572       0x8e ./Drivers/STM32F3xx_HAL_Driver/Src/stm32f3xx_hal_i2c.o
 .text.I2C_WaitOnSTOPFlagUntilTimeout
                0x08002600       0x86 ./Drivers/STM32F3xx_HAL_Driver/Src/stm32f3xx_hal_i2c.o
 *fill*         0x08002686        0x2 
 .text.I2C_IsErrorOccurred
                0x08002688      0x1c0 ./Drivers/STM32F3xx_HAL_Driver/Src/stm32f3xx_hal_i2c.o
 .text.I2C_TransferConfig
                0x08002848       0x64 ./Drivers/STM32F3xx_HAL_Driver/Src/stm32f3xx_hal_i2c.o
 .text.HAL_I2CEx_ConfigAnalogFilter
                0x080028ac       0x96 ./Drivers/STM32F3xx_HAL_Driver/Src/stm32f3xx_hal_i2c_ex.o
                0x080028ac                HAL_I2CEx_ConfigAnalogFilter
 .text.HAL_I2CEx_ConfigDigitalFilter
                0x08002942       0x98 ./Drivers/STM32F3xx_HAL_Driver/Src/stm32f3xx_hal_i2c_ex.o
                0x08002942                HAL_I2CEx_ConfigDigitalFilter
 *fill*         0x080029da        0x2 
 .text.HAL_RCC_OscConfig
                0x080029dc     0x101c ./Drivers/STM32F3xx_HAL_Driver/Src/stm32f3xx_hal_rcc.o
                0x080029dc                HAL_RCC_OscConfig
 .text.HAL_RCC_ClockConfig
                0x080039f8      0x2dc ./Drivers/STM32F3xx_HAL_Driver/Src/stm32f3xx_hal_rcc.o
                0x080039f8                HAL_RCC_ClockConfig
 .text.HAL_RCC_GetSysClockFreq
                0x08003cd4       0xd4 ./Drivers/STM32F3xx_HAL_Driver/Src/stm32f3xx_hal_rcc.o
                0x08003cd4                HAL_RCC_GetSysClockFreq
 .text.HAL_RCC_GetHCLKFreq
                0x08003da8       0x18 ./Drivers/STM32F3xx_HAL_Driver/Src/stm32f3xx_hal_rcc.o
                0x08003da8                HAL_RCC_GetHCLKFreq
 .text.HAL_RCC_GetPCLK1Freq
                0x08003dc0       0x44 ./Drivers/STM32F3xx_HAL_Driver/Src/stm32f3xx_hal_rcc.o
                0x08003dc0                HAL_RCC_GetPCLK1Freq
 .text.HAL_RCC_GetPCLK2Freq
                0x08003e04       0x44 ./Drivers/STM32F3xx_HAL_Driver/Src/stm32f3xx_hal_rcc.o
                0x08003e04                HAL_RCC_GetPCLK2Freq
 .text.HAL_RCCEx_PeriphCLKConfig
                0x08003e48      0x248 ./Drivers/STM32F3xx_HAL_Driver/Src/stm32f3xx_hal_rcc_ex.o
                0x08003e48                HAL_RCCEx_PeriphCLKConfig
 .text.HAL_UART_Init
                0x08004090       0x9c ./Drivers/STM32F3xx_HAL_Driver/Src/stm32f3xx_hal_uart.o
                0x08004090                HAL_UART_Init
 .text.HAL_UART_Transmit
                0x0800412c      0x112 ./Drivers/STM32F3xx_HAL_Driver/Src/stm32f3xx_hal_uart.o
                0x0800412c                HAL_UART_Transmit
 *fill*         0x0800423e        0x2 
 .text.UART_SetConfig
                0x08004240      0x26c ./Drivers/STM32F3xx_HAL_Driver/Src/stm32f3xx_hal_uart.o
                0x08004240                UART_SetConfig
 .text.UART_AdvFeatureConfig
                0x080044ac      0x144 ./Drivers/STM32F3xx_HAL_Driver/Src/stm32f3xx_hal_uart.o
                0x080044ac                UART_AdvFeatureConfig
 .text.UART_CheckIdleState
                0x080045f0      0x150 ./Drivers/STM32F3xx_HAL_Driver/Src/stm32f3xx_hal_uart.o
                0x080045f0                UART_CheckIdleState
 .text.UART_WaitOnFlagUntilTimeout
                0x08004740       0xce ./Drivers/STM32F3xx_HAL_Driver/Src/stm32f3xx_hal_uart.o
                0x08004740                UART_WaitOnFlagUntilTimeout
 .text.UART_EndRxTransfer
                0x0800480e       0xc8 ./Drivers/STM32F3xx_HAL_Driver/Src/stm32f3xx_hal_uart.o
 .text.__cvt    0x080048d6       0xca /home/gll/Software/st/makeself_dir_G0dFfK/stm32cubeide_2.1.0/plugins/com.st.stm32cube.ide.mcu.externaltools.gnu-tools-for-stm32.14.3.rel1.linux64_1.0.100.202602081740/tools/bin/../lib/gcc/arm-none-eabi/14.3.1/../../../../arm-none-eabi/lib/thumb/v7e-m+fp/hard/libc_nano.a(libc_a-nano-vfprintf_float.o)
                0x080048d6                __cvt
 .text.__exponent
                0x080049a0       0x74 /home/gll/Software/st/makeself_dir_G0dFfK/stm32cubeide_2.1.0/plugins/com.st.stm32cube.ide.mcu.externaltools.gnu-tools-for-stm32.14.3.rel1.linux64_1.0.100.202602081740/tools/bin/../lib/gcc/arm-none-eabi/14.3.1/../../../../arm-none-eabi/lib/thumb/v7e-m+fp/hard/libc_nano.a(libc_a-nano-vfprintf_float.o)
                0x080049a0                __exponent
 .text._printf_float
                0x08004a14      0x450 /home/gll/Software/st/makeself_dir_G0dFfK/stm32cubeide_2.1.0/plugins/com.st.stm32cube.ide.mcu.externaltools.gnu-tools-for-stm32.14.3.rel1.linux64_1.0.100.202602081740/tools/bin/../lib/gcc/arm-none-eabi/14.3.1/../../../../arm-none-eabi/lib/thumb/v7e-m+fp/hard/libc_nano.a(libc_a-nano-vfprintf_float.o)
                0x08004a14                _printf_float
 .text._printf_common
                0x08004e64       0xda /home/gll/Software/st/makeself_dir_G0dFfK/stm32cubeide_2.1.0/plugins/com.st.stm32cube.ide.mcu.externaltools.gnu-tools-for-stm32.14.3.rel1.linux64_1.0.100.202602081740/tools/bin/../lib/gcc/arm-none-eabi/14.3.1/../../../../arm-none-eabi/lib/thumb/v7e-m+fp/hard/libc_nano.a(libc_a-nano-vfprintf_i.o)
                0x08004e64                _printf_common
 *fill*         0x08004f3e        0x2 
 .text._printf_i
                0x08004f40      0x24c /home/gll/Software/st/makeself_dir_G0dFfK/stm32cubeide_2.1.0/plugins/com.st.stm32cube.ide.mcu.externaltools.gnu-tools-for-stm32.14.3.rel1.linux64_1.0.100.202602081740/tools/bin/../lib/gcc/arm-none-eabi/14.3.1/../../../../arm-none-eabi/lib/thumb/v7e-m+fp/hard/libc_nano.a(libc_a-nano-vfprintf_i.o)
                0x08004f40                _printf_i
 .text.std      0x0800518c       0x6c /home/gll/Software/st/makeself_dir_G0dFfK/stm32cubeide_2.1.0/plugins/com.st.stm32cube.ide.mcu.externaltools.gnu-tools-for-stm32.14.3.rel1.linux64_1.0.100.202602081740/tools/bin/../lib/gcc/arm-none-eabi/14.3.1/../../../../arm-none-eabi/lib/thumb/v7e-m+fp/hard/libc_nano.a(libc_a-findfp.o)
 .text.stdio_exit_handler
                0x080051f8       0x18 /home/gll/Software/st/makeself_dir_G0dFfK/stm32cubeide_2.1.0/plugins/com.st.stm32cube.ide.mcu.externaltools.gnu-tools-for-stm32.14.3.rel1.linux64_1.0.100.202602081740/tools/bin/../lib/gcc/arm-none-eabi/14.3.1/../../../../arm-none-eabi/lib/thumb/v7e-m+fp/hard/libc_nano.a(libc_a-findfp.o)
 .text.cleanup_stdio
                0x08005210       0x40 /home/gll/Software/st/makeself_dir_G0dFfK/stm32cubeide_2.1.0/plugins/com.st.stm32cube.ide.mcu.externaltools.gnu-tools-for-stm32.14.3.rel1.linux64_1.0.100.202602081740/tools/bin/../lib/gcc/arm-none-eabi/14.3.1/../../../../arm-none-eabi/lib/thumb/v7e-m+fp/hard/libc_nano.a(libc_a-findfp.o)
 .text.global_stdio_init.part.0
                0x08005250       0x40 /home/gll/Software/st/makeself_dir_G0dFfK/stm32cubeide_2.1.0/plugins/com.st.stm32cube.ide.mcu.externaltools.gnu-tools-for-stm32.14.3.rel1.linux64_1.0.100.202602081740/tools/bin/../lib/gcc/arm-none-eabi/14.3.1/../../../../arm-none-eabi/lib/thumb/v7e-m+fp/hard/libc_nano.a(libc_a-findfp.o)
 .text.__sfp_lock_acquire
                0x08005290        0xc /home/gll/Software/st/makeself_dir_G0dFfK/stm32cubeide_2.1.0/plugins/com.st.stm32cube.ide.mcu.externaltools.gnu-tools-for-stm32.14.3.rel1.linux64_1.0.100.202602081740/tools/bin/../lib/gcc/arm-none-eabi/14.3.1/../../../../arm-none-eabi/lib/thumb/v7e-m+fp/hard/libc_nano.a(libc_a-findfp.o)
                0x08005290                __sfp_lock_acquire
 .text.__sfp_lock_release
                0x0800529c        0xc /home/gll/Software/st/makeself_dir_G0dFfK/stm32cubeide_2.1.0/plugins/com.st.stm32cube.ide.mcu.externaltools.gnu-tools-for-stm32.14.3.rel1.linux64_1.0.100.202602081740/tools/bin/../lib/gcc/arm-none-eabi/14.3.1/../../../../arm-none-eabi/lib/thumb/v7e-m+fp/hard/libc_nano.a(libc_a-findfp.o)
                0x0800529c                __sfp_lock_release
 .text.__sinit  0x080052a8       0x30 /home/gll/Software/st/makeself_dir_G0dFfK/stm32cubeide_2.1.0/plugins/com.st.stm32cube.ide.mcu.externaltools.gnu-tools-for-stm32.14.3.rel1.linux64_1.0.100.202602081740/tools/bin/../lib/gcc/arm-none-eabi/14.3.1/../../../../arm-none-eabi/lib/thumb/v7e-m+fp/hard/libc_nano.a(libc_a-findfp.o)
                0x080052a8                __sinit
 .text._fwalk_sglue
                0x080052d8       0x3c /home/gll/Software/st/makeself_dir_G0dFfK/stm32cubeide_2.1.0/plugins/com.st.stm32cube.ide.mcu.externaltools.gnu-tools-for-stm32.14.3.rel1.linux64_1.0.100.202602081740/tools/bin/../lib/gcc/arm-none-eabi/14.3.1/../../../../arm-none-eabi/lib/thumb/v7e-m+fp/hard/libc_nano.a(libc_a-fwalk.o)
                0x080052d8                _fwalk_sglue
 .text.sprintf  0x08005314       0x44 /home/gll/Software/st/makeself_dir_G0dFfK/stm32cubeide_2.1.0/plugins/com.st.stm32cube.ide.mcu.externaltools.gnu-tools-for-stm32.14.3.rel1.linux64_1.0.100.202602081740/tools/bin/../lib/gcc/arm-none-eabi/14.3.1/../../../../arm-none-eabi/lib/thumb/v7e-m+fp/hard/libc_nano.a(libc_a-sprintf.o)
                0x08005314                sprintf
                0x08005314                siprintf
 .text.__sread  0x08005358       0x22 /home/gll/Software/st/makeself_dir_G0dFfK/stm32cubeide_2.1.0/plugins/com.st.stm32cube.ide.mcu.externaltools.gnu-tools-for-stm32.14.3.rel1.linux64_1.0.100.202602081740/tools/bin/../lib/gcc/arm-none-eabi/14.3.1/../../../../arm-none-eabi/lib/thumb/v7e-m+fp/hard/libc_nano.a(libc_a-stdio.o)
                0x08005358                __sread
 .text.__swrite
                0x0800537a       0x38 /home/gll/Software/st/makeself_dir_G0dFfK/stm32cubeide_2.1.0/plugins/com.st.stm32cube.ide.mcu.externaltools.gnu-tools-for-stm32.14.3.rel1.linux64_1.0.100.202602081740/tools/bin/../lib/gcc/arm-none-eabi/14.3.1/../../../../arm-none-eabi/lib/thumb/v7e-m+fp/hard/libc_nano.a(libc_a-stdio.o)
                0x0800537a                __swrite
 .text.__sseek  0x080053b2       0x26 /home/gll/Software/st/makeself_dir_G0dFfK/stm32cubeide_2.1.0/plugins/com.st.stm32cube.ide.mcu.externaltools.gnu-tools-for-stm32.14.3.rel1.linux64_1.0.100.202602081740/tools/bin/../lib/gcc/arm-none-eabi/14.3.1/../../../../arm-none-eabi/lib/thumb/v7e-m+fp/hard/libc_nano.a(libc_a-stdio.o)
                0x080053b2                __sseek
 .text.__sclose
                0x080053d8        0x8 /home/gll/Software/st/makeself_dir_G0dFfK/stm32cubeide_2.1.0/plugins/com.st.stm32cube.ide.mcu.externaltools.gnu-tools-for-stm32.14.3.rel1.linux64_1.0.100.202602081740/tools/bin/../lib/gcc/arm-none-eabi/14.3.1/../../../../arm-none-eabi/lib/thumb/v7e-m+fp/hard/libc_nano.a(libc_a-stdio.o)
                0x080053d8                __sclose
 .text._vsprintf_r
                0x080053e0       0x2c /home/gll/Software/st/makeself_dir_G0dFfK/stm32cubeide_2.1.0/plugins/com.st.stm32cube.ide.mcu.externaltools.gnu-tools-for-stm32.14.3.rel1.linux64_1.0.100.202602081740/tools/bin/../lib/gcc/arm-none-eabi/14.3.1/../../../../arm-none-eabi/lib/thumb/v7e-m+fp/hard/libc_nano.a(libc_a-vsprintf.o)
                0x080053e0                _vsiprintf_r
                0x080053e0                _vsprintf_r
 .text.vsprintf
                0x0800540c       0x14 /home/gll/Software/st/makeself_dir_G0dFfK/stm32cubeide_2.1.0/plugins/com.st.stm32cube.ide.mcu.externaltools.gnu-tools-for-stm32.14.3.rel1.linux64_1.0.100.202602081740/tools/bin/../lib/gcc/arm-none-eabi/14.3.1/../../../../arm-none-eabi/lib/thumb/v7e-m+fp/hard/libc_nano.a(libc_a-vsprintf.o)
                0x0800540c                vsprintf
                0x0800540c                vsiprintf
 .text.memset   0x08005420       0x10 /home/gll/Software/st/makeself_dir_G0dFfK/stm32cubeide_2.1.0/plugins/com.st.stm32cube.ide.mcu.externaltools.gnu-tools-for-stm32.14.3.rel1.linux64_1.0.100.202602081740/tools/bin/../lib/gcc/arm-none-eabi/14.3.1/../../../../arm-none-eabi/lib/thumb/v7e-m+fp/hard/libc_nano.a(libc_a-memset.o)
                0x08005420                memset
 .text._localeconv_r
                0x08005430        0x8 /home/gll/Software/st/makeself_dir_G0dFfK/stm32cubeide_2.1.0/plugins/com.st.stm32cube.ide.mcu.externaltools.gnu-tools-for-stm32.14.3.rel1.linux64_1.0.100.202602081740/tools/bin/../lib/gcc/arm-none-eabi/14.3.1/../../../../arm-none-eabi/lib/thumb/v7e-m+fp/hard/libc_nano.a(libc_a-localeconv.o)
                0x08005430                _localeconv_r
 .text._close_r
                0x08005438       0x20 /home/gll/Software/st/makeself_dir_G0dFfK/stm32cubeide_2.1.0/plugins/com.st.stm32cube.ide.mcu.externaltools.gnu-tools-for-stm32.14.3.rel1.linux64_1.0.100.202602081740/tools/bin/../lib/gcc/arm-none-eabi/14.3.1/../../../../arm-none-eabi/lib/thumb/v7e-m+fp/hard/libc_nano.a(libc_a-closer.o)
                0x08005438                _close_r
 .text._lseek_r
                0x08005458       0x24 /home/gll/Software/st/makeself_dir_G0dFfK/stm32cubeide_2.1.0/plugins/com.st.stm32cube.ide.mcu.externaltools.gnu-tools-for-stm32.14.3.rel1.linux64_1.0.100.202602081740/tools/bin/../lib/gcc/arm-none-eabi/14.3.1/../../../../arm-none-eabi/lib/thumb/v7e-m+fp/hard/libc_nano.a(libc_a-lseekr.o)
                0x08005458                _lseek_r
 .text._read_r  0x0800547c       0x24 /home/gll/Software/st/makeself_dir_G0dFfK/stm32cubeide_2.1.0/plugins/com.st.stm32cube.ide.mcu.externaltools.gnu-tools-for-stm32.14.3.rel1.linux64_1.0.100.202602081740/tools/bin/../lib/gcc/arm-none-eabi/14.3.1/../../../../arm-none-eabi/lib/thumb/v7e-m+fp/hard/libc_nano.a(libc_a-readr.o)
                0x0800547c                _read_r
 .text._write_r
                0x080054a0       0x24 /home/gll/Software/st/makeself_dir_G0dFfK/stm32cubeide_2.1.0/plugins/com.st.stm32cube.ide.mcu.externaltools.gnu-tools-for-stm32.14.3.rel1.linux64_1.0.100.202602081740/tools/bin/../lib/gcc/arm-none-eabi/14.3.1/../../../../arm-none-eabi/lib/thumb/v7e-m+fp/hard/libc_nano.a(libc_a-writer.o)
                0x080054a0                _write_r
 .text.__errno  0x080054c4        0xc /home/gll/Software/st/makeself_dir_G0dFfK/stm32cubeide_2.1.0/plugins/com.st.stm32cube.ide.mcu.externaltools.gnu-tools-for-stm32.14.3.rel1.linux64_1.0.100.202602081740/tools/bin/../lib/gcc/arm-none-eabi/14.3.1/../../../../arm-none-eabi/lib/thumb/v7e-m+fp/hard/libc_nano.a(libc_a-errno.o)
                0x080054c4                __errno
 .text.__libc_init_array
                0x080054d0       0x48 /home/gll/Software/st/makeself_dir_G0dFfK/stm32cubeide_2.1.0/plugins/com.st.stm32cube.ide.mcu.externaltools.gnu-tools-for-stm32.14.3.rel1.linux64_1.0.100.202602081740/tools/bin/../lib/gcc/arm-none-eabi/14.3.1/../../../../arm-none-eabi/lib/thumb/v7e-m+fp/hard/libc_nano.a(libc_a-init.o)
                0x080054d0                __libc_init_array
 .text.__retarget_lock_init_recursive
                0x08005518        0x2 /home/gll/Software/st/makeself_dir_G0dFfK/stm32cubeide_2.1.0/plugins/com.st.stm32cube.ide.mcu.externaltools.gnu-tools-for-stm32.14.3.rel1.linux64_1.0.100.202602081740/tools/bin/../lib/gcc/arm-none-eabi/14.3.1/../../../../arm-none-eabi/lib/thumb/v7e-m+fp/hard/libc_nano.a(libc_a-lock.o)
                0x08005518                __retarget_lock_init_recursive
 .text.__retarget_lock_acquire_recursive
                0x0800551a        0x2 /home/gll/Software/st/makeself_dir_G0dFfK/stm32cubeide_2.1.0/plugins/com.st.stm32cube.ide.mcu.externaltools.gnu-tools-for-stm32.14.3.rel1.linux64_1.0.100.202602081740/tools/bin/../lib/gcc/arm-none-eabi/14.3.1/../../../../arm-none-eabi/lib/thumb/v7e-m+fp/hard/libc_nano.a(libc_a-lock.o)
                0x0800551a                __retarget_lock_acquire_recursive
 .text.__retarget_lock_release_recursive
                0x0800551c        0x2 /home/gll/Software/st/makeself_dir_G0dFfK/stm32cubeide_2.1.0/plugins/com.st.stm32cube.ide.mcu.externaltools.gnu-tools-for-stm32.14.3.rel1.linux64_1.0.100.202602081740/tools/bin/../lib/gcc/arm-none-eabi/14.3.1/../../../../arm-none-eabi/lib/thumb/v7e-m+fp/hard/libc_nano.a(libc_a-lock.o)
                0x0800551c                __retarget_lock_release_recursive
 .text.quorem   0x0800551e      0x110 /home/gll/Software/st/makeself_dir_G0dFfK/stm32cubeide_2.1.0/plugins/com.st.stm32cube.ide.mcu.externaltools.gnu-tools-for-stm32.14.3.rel1.linux64_1.0.100.202602081740/tools/bin/../lib/gcc/arm-none-eabi/14.3.1/../../../../arm-none-eabi/lib/thumb/v7e-m+fp/hard/libc_nano.a(libc_a-dtoa.o)
 *fill*         0x0800562e        0x2 
 .text._dtoa_r  0x08005630      0xbb8 /home/gll/Software/st/makeself_dir_G0dFfK/stm32cubeide_2.1.0/plugins/com.st.stm32cube.ide.mcu.externaltools.gnu-tools-for-stm32.14.3.rel1.linux64_1.0.100.202602081740/tools/bin/../lib/gcc/arm-none-eabi/14.3.1/../../../../arm-none-eabi/lib/thumb/v7e-m+fp/hard/libc_nano.a(libc_a-dtoa.o)
                0x08005630                _dtoa_r
 .text._free_r  0x080061e8       0x94 /home/gll/Software/st/makeself_dir_G0dFfK/stm32cubeide_2.1.0/plugins/com.st.stm32cube.ide.mcu.externaltools.gnu-tools-for-stm32.14.3.rel1.linux64_1.0.100.202602081740/tools/bin/../lib/gcc/arm-none-eabi/14.3.1/../../../../arm-none-eabi/lib/thumb/v7e-m+fp/hard/libc_nano.a(libc_a-freer.o)
                0x080061e8                _free_r
 .text.malloc   0x0800627c       0x10 /home/gll/Software/st/makeself_dir_G0dFfK/stm32cubeide_2.1.0/plugins/com.st.stm32cube.ide.mcu.externaltools.gnu-tools-for-stm32.14.3.rel1.linux64_1.0.100.202602081740/tools/bin/../lib/gcc/arm-none-eabi/14.3.1/../../../../arm-none-eabi/lib/thumb/v7e-m+fp/hard/libc_nano.a(libc_a-malloc.o)
                0x0800627c                malloc
 .text.sbrk_aligned
                0x0800628c       0x44 /home/gll/Software/st/makeself_dir_G0dFfK/stm32cubeide_2.1.0/plugins/com.st.stm32cube.ide.mcu.externaltools.gnu-tools-for-stm32.14.3.rel1.linux64_1.0.100.202602081740/tools/bin/../lib/gcc/arm-none-eabi/14.3.1/../../../../arm-none-eabi/lib/thumb/v7e-m+fp/hard/libc_nano.a(libc_a-mallocr.o)
 .text._malloc_r
                0x080062d0      0x100 /home/gll/Software/st/makeself_dir_G0dFfK/stm32cubeide_2.1.0/plugins/com.st.stm32cube.ide.mcu.externaltools.gnu-tools-for-stm32.14.3.rel1.linux64_1.0.100.202602081740/tools/bin/../lib/gcc/arm-none-eabi/14.3.1/../../../../arm-none-eabi/lib/thumb/v7e-m+fp/hard/libc_nano.a(libc_a-mallocr.o)
                0x080062d0                _malloc_r
 .text.__malloc_lock
                0x080063d0        0xc /home/gll/Software/st/makeself_dir_G0dFfK/stm32cubeide_2.1.0/plugins/com.st.stm32cube.ide.mcu.externaltools.gnu-tools-for-stm32.14.3.rel1.linux64_1.0.100.202602081740/tools/bin/../lib/gcc/arm-none-eabi/14.3.1/../../../../arm-none-eabi/lib/thumb/v7e-m+fp/hard/libc_nano.a(libc_a-mlock.o)
                0x080063d0                __malloc_lock
 .text.__malloc_unlock
                0x080063dc        0xc /home/gll/Software/st/makeself_dir_G0dFfK/stm32cubeide_2.1.0/plugins/com.st.stm32cube.ide.mcu.externaltools.gnu-tools-for-stm32.14.3.rel1.linux64_1.0.100.202602081740/tools/bin/../lib/gcc/arm-none-eabi/14.3.1/../../../../arm-none-eabi/lib/thumb/v7e-m+fp/hard/libc_nano.a(libc_a-mlock.o)
                0x080063dc                __malloc_unlock
 .text._Balloc  0x080063e8       0x7c /home/gll/Software/st/makeself_dir_G0dFfK/stm32cubeide_2.1.0/plugins/com.st.stm32cube.ide.mcu.externaltools.gnu-tools-for-stm32.14.3.rel1.linux64_1.0.100.202602081740/tools/bin/../lib/gcc/arm-none-eabi/14.3.1/../../../../arm-none-eabi/lib/thumb/v7e-m+fp/hard/libc_nano.a(libc_a-mprec.o)
                0x080063e8                _Balloc
 .text._Bfree   0x08006464       0x44 /home/gll/Software/st/makeself_dir_G0dFfK/stm32cubeide_2.1.0/plugins/com.st.stm32cube.ide.mcu.externaltools.gnu-tools-for-stm32.14.3.rel1.linux64_1.0.100.202602081740/tools/bin/../lib/gcc/arm-none-eabi/14.3.1/../../../../arm-none-eabi/lib/thumb/v7e-m+fp/hard/libc_nano.a(libc_a-mprec.o)
                0x08006464                _Bfree
 .text.__multadd
                0x080064a8       0x8c /home/gll/Software/st/makeself_dir_G0dFfK/stm32cubeide_2.1.0/plugins/com.st.stm32cube.ide.mcu.externaltools.gnu-tools-for-stm32.14.3.rel1.linux64_1.0.100.202602081740/tools/bin/../lib/gcc/arm-none-eabi/14.3.1/../../../../arm-none-eabi/lib/thumb/v7e-m+fp/hard/libc_nano.a(libc_a-mprec.o)
                0x080064a8                __multadd
 .text.__hi0bits
                0x08006534       0x3e /home/gll/Software/st/makeself_dir_G0dFfK/stm32cubeide_2.1.0/plugins/com.st.stm32cube.ide.mcu.externaltools.gnu-tools-for-stm32.14.3.rel1.linux64_1.0.100.202602081740/tools/bin/../lib/gcc/arm-none-eabi/14.3.1/../../../../arm-none-eabi/lib/thumb/v7e-m+fp/hard/libc_nano.a(libc_a-mprec.o)
                0x08006534                __hi0bits
 .text.__lo0bits
                0x08006572       0x5a /home/gll/Software/st/makeself_dir_G0dFfK/stm32cubeide_2.1.0/plugins/com.st.stm32cube.ide.mcu.externaltools.gnu-tools-for-stm32.14.3.rel1.linux64_1.0.100.202602081740/tools/bin/../lib/gcc/arm-none-eabi/14.3.1/../../../../arm-none-eabi/lib/thumb/v7e-m+fp/hard/libc_nano.a(libc_a-mprec.o)
                0x08006572                __lo0bits
 .text.__i2b    0x080065cc       0x2c /home/gll/Software/st/makeself_dir_G0dFfK/stm32cubeide_2.1.0/plugins/com.st.stm32cube.ide.mcu.externaltools.gnu-tools-for-stm32.14.3.rel1.linux64_1.0.100.202602081740/tools/bin/../lib/gcc/arm-none-eabi/14.3.1/../../../../arm-none-eabi/lib/thumb/v7e-m+fp/hard/libc_nano.a(libc_a-mprec.o)
                0x080065cc                __i2b
 .text.__multiply
                0x080065f8      0x154 /home/gll/Software/st/makeself_dir_G0dFfK/stm32cubeide_2.1.0/plugins/com.st.stm32cube.ide.mcu.externaltools.gnu-tools-for-stm32.14.3.rel1.linux64_1.0.100.202602081740/tools/bin/../lib/gcc/arm-none-eabi/14.3.1/../../../../arm-none-eabi/lib/thumb/v7e-m+fp/hard/libc_nano.a(libc_a-mprec.o)
                0x080065f8                __multiply
 .text.__pow5mult
                0x0800674c       0xb8 /home/gll/Software/st/makeself_dir_G0dFfK/stm32cubeide_2.1.0/plugins/com.st.stm32cube.ide.mcu.externaltools.gnu-tools-for-stm32.14.3.rel1.linux64_1.0.100.202602081740/tools/bin/../lib/gcc/arm-none-eabi/14.3.1/../../../../arm-none-eabi/lib/thumb/v7e-m+fp/hard/libc_nano.a(libc_a-mprec.o)
                0x0800674c                __pow5mult
 .text.__lshift
                0x08006804       0xdc /home/gll/Software/st/makeself_dir_G0dFfK/stm32cubeide_2.1.0/plugins/com.st.stm32cube.ide.mcu.externaltools.gnu-tools-for-stm32.14.3.rel1.linux64_1.0.100.202602081740/tools/bin/../lib/gcc/arm-none-eabi/14.3.1/../../../../arm-none-eabi/lib/thumb/v7e-m+fp/hard/libc_nano.a(libc_a-mprec.o)
                0x08006804                __lshift
 .text.__mcmp   0x080068e0       0x36 /home/gll/Software/st/makeself_dir_G0dFfK/stm32cubeide_2.1.0/plugins/com.st.stm32cube.ide.mcu.externaltools.gnu-tools-for-stm32.14.3.rel1.linux64_1.0.100.202602081740/tools/bin/../lib/gcc/arm-none-eabi/14.3.1/../../../../arm-none-eabi/lib/thumb/v7e-m+fp/hard/libc_nano.a(libc_a-mprec.o)
                0x080068e0                __mcmp
 *fill*         0x08006916        0x2 
 .text.__mdiff  0x08006918      0x130 /home/gll/Software/st/makeself_dir_G0dFfK/stm32cubeide_2.1.0/plugins/com.st.stm32cube.ide.mcu.externaltools.gnu-tools-for-stm32.14.3.rel1.linux64_1.0.100.202602081740/tools/bin/../lib/gcc/arm-none-eabi/14.3.1/../../../../arm-none-eabi/lib/thumb/v7e-m+fp/hard/libc_nano.a(libc_a-mprec.o)
                0x08006918                __mdiff
 .text.__d2b    0x08006a48       0xb0 /home/gll/Software/st/makeself_dir_G0dFfK/stm32cubeide_2.1.0/plugins/com.st.stm32cube.ide.mcu.externaltools.gnu-tools-for-stm32.14.3.rel1.linux64_1.0.100.202602081740/tools/bin/../lib/gcc/arm-none-eabi/14.3.1/../../../../arm-none-eabi/lib/thumb/v7e-m+fp/hard/libc_nano.a(libc_a-mprec.o)
                0x08006a48                __d2b
 .text.__ssputs_r
                0x08006af8       0xc0 /home/gll/Software/st/makeself_dir_G0dFfK/stm32cubeide_2.1.0/plugins/com.st.stm32cube.ide.mcu.externaltools.gnu-tools-for-stm32.14.3.rel1.linux64_1.0.100.202602081740/tools/bin/../lib/gcc/arm-none-eabi/14.3.1/../../../../arm-none-eabi/lib/thumb/v7e-m+fp/hard/libc_nano.a(libc_a-nano-svfprintf.o)
                0x08006af8                __ssputs_r
 .text._svfprintf_r
                0x08006bb8      0x1f0 /home/gll/Software/st/makeself_dir_G0dFfK/stm32cubeide_2.1.0/plugins/com.st.stm32cube.ide.mcu.externaltools.gnu-tools-for-stm32.14.3.rel1.linux64_1.0.100.202602081740/tools/bin/../lib/gcc/arm-none-eabi/14.3.1/../../../../arm-none-eabi/lib/thumb/v7e-m+fp/hard/libc_nano.a(libc_a-nano-svfprintf.o)
                0x08006bb8                _svfprintf_r
                0x08006bb8                _svfiprintf_r
 .text.__sflush_r
                0x08006da8      0x104 /home/gll/Software/st/makeself_dir_G0dFfK/stm32cubeide_2.1.0/plugins/com.st.stm32cube.ide.mcu.externaltools.gnu-tools-for-stm32.14.3.rel1.linux64_1.0.100.202602081740/tools/bin/../lib/gcc/arm-none-eabi/14.3.1/../../../../arm-none-eabi/lib/thumb/v7e-m+fp/hard/libc_nano.a(libc_a-fflush.o)
                0x08006da8                __sflush_r
 .text._fflush_r
                0x08006eac       0x50 /home/gll/Software/st/makeself_dir_G0dFfK/stm32cubeide_2.1.0/plugins/com.st.stm32cube.ide.mcu.externaltools.gnu-tools-for-stm32.14.3.rel1.linux64_1.0.100.202602081740/tools/bin/../lib/gcc/arm-none-eabi/14.3.1/../../../../arm-none-eabi/lib/thumb/v7e-m+fp/hard/libc_nano.a(libc_a-fflush.o)
                0x08006eac                _fflush_r
 .text.memmove  0x08006efc       0x32 /home/gll/Software/st/makeself_dir_G0dFfK/stm32cubeide_2.1.0/plugins/com.st.stm32cube.ide.mcu.externaltools.gnu-tools-for-stm32.14.3.rel1.linux64_1.0.100.202602081740/tools/bin/../lib/gcc/arm-none-eabi/14.3.1/../../../../arm-none-eabi/lib/thumb/v7e-m+fp/hard/libc_nano.a(libc_a-memmove.o)
                0x08006efc                memmove
 *fill*         0x08006f2e        0x2 
 .text._sbrk_r  0x08006f30       0x20 /home/gll/Software/st/makeself_dir_G0dFfK/stm32cubeide_2.1.0/plugins/com.st.stm32cube.ide.mcu.externaltools.gnu-tools-for-stm32.14.3.rel1.linux64_1.0.100.202602081740/tools/bin/../lib/gcc/arm-none-eabi/14.3.1/../../../../arm-none-eabi/lib/thumb/v7e-m+fp/hard/libc_nano.a(libc_a-sbrkr.o)
                0x08006f30                _sbrk_r
 .text.memcpy   0x08006f50       0x1c /home/gll/Software/st/makeself_dir_G0dFfK/stm32cubeide_2.1.0/plugins/com.st.stm32cube.ide.mcu.externaltools.gnu-tools-for-stm32.14.3.rel1.linux64_1.0.100.202602081740/tools/bin/../lib/gcc/arm-none-eabi/14.3.1/../../../../arm-none-eabi/lib/thumb/v7e-m+fp/hard/libc_nano.a(libc_a-memcpy-stub.o)
                0x08006f50                memcpy
 .text.__assert_func
                0x08006f6c       0x3c /home/gll/Software/st/makeself_dir_G0dFfK/stm32cubeide_2.1.0/plugins/com.st.stm32cube.ide.mcu.externaltools.gnu-tools-for-stm32.14.3.rel1.linux64_1.0.100.202602081740/tools/bin/../lib/gcc/arm-none-eabi/14.3.1/../../../../arm-none-eabi/lib/thumb/v7e-m+fp/hard/libc_nano.a(libc_a-assert.o)
                0x08006f6c                __assert_func
 .text._calloc_r
                0x08006fa8       0x28 /home/gll/Software/st/makeself_dir_G0dFfK/stm32cubeide_2.1.0/plugins/com.st.stm32cube.ide.mcu.externaltools.gnu-tools-for-stm32.14.3.rel1.linux64_1.0.100.202602081740/tools/bin/../lib/gcc/arm-none-eabi/14.3.1/../../../../arm-none-eabi/lib/thumb/v7e-m+fp/hard/libc_nano.a(libc_a-callocr.o)
                0x08006fa8                _calloc_r
 .text.__ascii_mbtowc
                0x08006fd0       0x24 /home/gll/Software/st/makeself_dir_G0dFfK/stm32cubeide_2.1.0/plugins/com.st.stm32cube.ide.mcu.externaltools.gnu-tools-for-stm32.14.3.rel1.linux64_1.0.100.202602081740/tools/bin/../lib/gcc/arm-none-eabi/14.3.1/../../../../arm-none-eabi/lib/thumb/v7e-m+fp/hard/libc_nano.a(libc_a-mbtowc_r.o)
                0x08006fd0                __ascii_mbtowc
 .text._realloc_r
                0x08006ff4       0x5c /home/gll/Software/st/makeself_dir_G0dFfK/stm32cubeide_2.1.0/plugins/com.st.stm32cube.ide.mcu.externaltools.gnu-tools-for-stm32.14.3.rel1.linux64_1.0.100.202602081740/tools/bin/../lib/gcc/arm-none-eabi/14.3.1/../../../../arm-none-eabi/lib/thumb/v7e-m+fp/hard/libc_nano.a(libc_a-reallocr.o)
                0x08006ff4                _realloc_r
 .text.__ascii_wctomb
                0x08007050       0x1a /home/gll/Software/st/makeself_dir_G0dFfK/stm32cubeide_2.1.0/plugins/com.st.stm32cube.ide.mcu.externaltools.gnu-tools-for-stm32.14.3.rel1.linux64_1.0.100.202602081740/tools/bin/../lib/gcc/arm-none-eabi/14.3.1/../../../../arm-none-eabi/lib/thumb/v7e-m+fp/hard/libc_nano.a(libc_a-wctomb_r.o)
                0x08007050                __ascii_wctomb
 *fill*         0x0800706a        0x2 
 .text.fprintf  0x0800706c       0x24 /home/gll/Software/st/makeself_dir_G0dFfK/stm32cubeide_2.1.0/plugins/com.st.stm32cube.ide.mcu.externaltools.gnu-tools-for-stm32.14.3.rel1.linux64_1.0.100.202602081740/tools/bin/../lib/gcc/arm-none-eabi/14.3.1/../../../../arm-none-eabi/lib/thumb/v7e-m+fp/hard/libc_nano.a(libc_a-fprintf.o)
                0x0800706c                fprintf
                0x0800706c                fiprintf
 .text.abort    0x08007090        0xe /home/gll/Software/st/makeself_dir_G0dFfK/stm32cubeide_2.1.0/plugins/com.st.stm32cube.ide.mcu.externaltools.gnu-tools-for-stm32.14.3.rel1.linux64_1.0.100.202602081740/tools/bin/../lib/gcc/arm-none-eabi/14.3.1/../../../../arm-none-eabi/lib/thumb/v7e-m+fp/hard/libc_nano.a(libc_a-abort.o)
                0x08007090                abort
 .text._malloc_usable_size_r
                0x0800709e       0x10 /home/gll/Software/st/makeself_dir_G0dFfK/stm32cubeide_2.1.0/plugins/com.st.stm32cube.ide.mcu.externaltools.gnu-tools-for-stm32.14.3.rel1.linux64_1.0.100.202602081740/tools/bin/../lib/gcc/arm-none-eabi/14.3.1/../../../../arm-none-eabi/lib/thumb/v7e-m+fp/hard/libc_nano.a(libc_a-msizer.o)
                0x0800709e                _malloc_usable_size_r
 .text.__sfputc_r
                0x080070ae       0x2e /home/gll/Software/st/makeself_dir_G0dFfK/stm32cubeide_2.1.0/plugins/com.st.stm32cube.ide.mcu.externaltools.gnu-tools-for-stm32.14.3.rel1.linux64_1.0.100.202602081740/tools/bin/../lib/gcc/arm-none-eabi/14.3.1/../../../../arm-none-eabi/lib/thumb/v7e-m+fp/hard/libc_nano.a(libc_a-nano-vfprintf.o)
 .text.__sfputs_r
                0x080070dc       0x24 /home/gll/Software/st/makeself_dir_G0dFfK/stm32cubeide_2.1.0/plugins/com.st.stm32cube.ide.mcu.externaltools.gnu-tools-for-stm32.14.3.rel1.linux64_1.0.100.202602081740/tools/bin/../lib/gcc/arm-none-eabi/14.3.1/../../../../arm-none-eabi/lib/thumb/v7e-m+fp/hard/libc_nano.a(libc_a-nano-vfprintf.o)
                0x080070dc                __sfputs_r
 .text._vfprintf_r
                0x08007100      0x228 /home/gll/Software/st/makeself_dir_G0dFfK/stm32cubeide_2.1.0/plugins/com.st.stm32cube.ide.mcu.externaltools.gnu-tools-for-stm32.14.3.rel1.linux64_1.0.100.202602081740/tools/bin/../lib/gcc/arm-none-eabi/14.3.1/../../../../arm-none-eabi/lib/thumb/v7e-m+fp/hard/libc_nano.a(libc_a-nano-vfprintf.o)
                0x08007100                _vfiprintf_r
                0x08007100                _vfprintf_r
 .text.__swbuf_r
                0x08007328       0x7c /home/gll/Software/st/makeself_dir_G0dFfK/stm32cubeide_2.1.0/plugins/com.st.stm32cube.ide.mcu.externaltools.gnu-tools-for-stm32.14.3.rel1.linux64_1.0.100.202602081740/tools/bin/../lib/gcc/arm-none-eabi/14.3.1/../../../../arm-none-eabi/lib/thumb/v7e-m+fp/hard/libc_nano.a(libc_a-wbuf.o)
                0x08007328                __swbuf_r
 .text.__swsetup_r
                0x080073a4       0xa8 /home/gll/Software/st/makeself_dir_G0dFfK/stm32cubeide_2.1.0/plugins/com.st.stm32cube.ide.mcu.externaltools.gnu-tools-for-stm32.14.3.rel1.linux64_1.0.100.202602081740/tools/bin/../lib/gcc/arm-none-eabi/14.3.1/../../../../arm-none-eabi/lib/thumb/v7e-m+fp/hard/libc_nano.a(libc_a-wsetup.o)
                0x080073a4                __swsetup_r
 .text._raise_r
                0x0800744c       0x50 /home/gll/Software/st/makeself_dir_G0dFfK/stm32cubeide_2.1.0/plugins/com.st.stm32cube.ide.mcu.externaltools.gnu-tools-for-stm32.14.3.rel1.linux64_1.0.100.202602081740/tools/bin/../lib/gcc/arm-none-eabi/14.3.1/../../../../arm-none-eabi/lib/thumb/v7e-m+fp/hard/libc_nano.a(libc_a-signal.o)
                0x0800744c                _raise_r
 .text.raise    0x0800749c       0x10 /home/gll/Software/st/makeself_dir_G0dFfK/stm32cubeide_2.1.0/plugins/com.st.stm32cube.ide.mcu.externaltools.gnu-tools-for-stm32.14.3.rel1.linux64_1.0.100.202602081740/tools/bin/../lib/gcc/arm-none-eabi/14.3.1/../../../../arm-none-eabi/lib/thumb/v7e-m+fp/hard/libc_nano.a(libc_a-signal.o)
                0x0800749c                raise
 .text._kill_r  0x080074ac       0x24 /home/gll/Software/st/makeself_dir_G0dFfK/stm32cubeide_2.1.0/plugins/com.st.stm32cube.ide.mcu.externaltools.gnu-tools-for-stm32.14.3.rel1.linux64_1.0.100.202602081740/tools/bin/../lib/gcc/arm-none-eabi/14.3.1/../../../../arm-none-eabi/lib/thumb/v7e-m+fp/hard/libc_nano.a(libc_a-signalr.o)
                0x080074ac                _kill_r
 .text._getpid_r
                0x080074d0        0x4 /home/gll/Software/st/makeself_dir_G0dFfK/stm32cubeide_2.1.0/plugins/com.st.stm32cube.ide.mcu.externaltools.gnu-tools-for-stm32.14.3.rel1.linux64_1.0.100.202602081740/tools/bin/../lib/gcc/arm-none-eabi/14.3.1/../../../../arm-none-eabi/lib/thumb/v7e-m+fp/hard/libc_nano.a(libc_a-signalr.o)
                0x080074d0                _getpid_r
 .text.__swhatbuf_r
                0x080074d4       0x48 /home/gll/Software/st/makeself_dir_G0dFfK/stm32cubeide_2.1.0/plugins/com.st.stm32cube.ide.mcu.externaltools.gnu-tools-for-stm32.14.3.rel1.linux64_1.0.100.202602081740/tools/bin/../lib/gcc/arm-none-eabi/14.3.1/../../../../arm-none-eabi/lib/thumb/v7e-m+fp/hard/libc_nano.a(libc_a-makebuf.o)
                0x080074d4                __swhatbuf_r
 .text.__smakebuf_r
                0x0800751c       0x72 /home/gll/Software/st/makeself_dir_G0dFfK/stm32cubeide_2.1.0/plugins/com.st.stm32cube.ide.mcu.externaltools.gnu-tools-for-stm32.14.3.rel1.linux64_1.0.100.202602081740/tools/bin/../lib/gcc/arm-none-eabi/14.3.1/../../../../arm-none-eabi/lib/thumb/v7e-m+fp/hard/libc_nano.a(libc_a-makebuf.o)
                0x0800751c                __smakebuf_r
 *fill*         0x0800758e        0x2 
 .text._fstat_r
                0x08007590       0x24 /home/gll/Software/st/makeself_dir_G0dFfK/stm32cubeide_2.1.0/plugins/com.st.stm32cube.ide.mcu.externaltools.gnu-tools-for-stm32.14.3.rel1.linux64_1.0.100.202602081740/tools/bin/../lib/gcc/arm-none-eabi/14.3.1/../../../../arm-none-eabi/lib/thumb/v7e-m+fp/hard/libc_nano.a(libc_a-fstatr.o)
                0x08007590                _fstat_r
 .text._isatty_r
                0x080075b4       0x20 /home/gll/Software/st/makeself_dir_G0dFfK/stm32cubeide_2.1.0/plugins/com.st.stm32cube.ide.mcu.externaltools.gnu-tools-for-stm32.14.3.rel1.linux64_1.0.100.202602081740/tools/bin/../lib/gcc/arm-none-eabi/14.3.1/../../../../arm-none-eabi/lib/thumb/v7e-m+fp/hard/libc_nano.a(libc_a-isattyr.o)
                0x080075b4                _isatty_r
 *(.glue_7)
 .glue_7        0x080075d4        0x0 linker stubs
 *(.glue_7t)
 .glue_7t       0x080075d4        0x0 linker stubs
 *(.eh_frame)
 .eh_frame      0x080075d4        0x0 /home/gll/Software/st/makeself_dir_G0dFfK/stm32cubeide_2.1.0/plugins/com.st.stm32cube.ide.mcu.externaltools.gnu-tools-for-stm32.14.3.rel1.linux64_1.0.100.202602081740/tools/bin/../lib/gcc/arm-none-eabi/14.3.1/thumb/v7e-m+fp/hard/crtbegin.o
 *(.init)
 .init          0x080075d4        0x4 /home/gll/Software/st/makeself_dir_G0dFfK/stm32cubeide_2.1.0/plugins/com.st.stm32cube.ide.mcu.externaltools.gnu-tools-for-stm32.14.3.rel1.linux64_1.0.100.202602081740/tools/bin/../lib/gcc/arm-none-eabi/14.3.1/thumb/v7e-m+fp/hard/crti.o
                0x080075d4                _init
 .init          0x080075d8        0x8 /home/gll/Software/st/makeself_dir_G0dFfK/stm32cubeide_2.1.0/plugins/com.st.stm32cube.ide.mcu.externaltools.gnu-tools-for-stm32.14.3.rel1.linux64_1.0.100.202602081740/tools/bin/../lib/gcc/arm-none-eabi/14.3.1/thumb/v7e-m+fp/hard/crtn.o
 *(.fini)
 .fini          0x080075e0        0x4 /home/gll/Software/st/makeself_dir_G0dFfK/stm32cubeide_2.1.0/plugins/com.st.stm32cube.ide.mcu.externaltools.gnu-tools-for-stm32.14.3.rel1.linux64_1.0.100.202602081740/tools/bin/../lib/gcc/arm-none-eabi/14.3.1/thumb/v7e-m+fp/hard/crti.o
                0x080075e0                _fini
 .fini          0x080075e4        0x8 /home/gll/Software/st/makeself_dir_G0dFfK/stm32cubeide_2.1.0/plugins/com.st.stm32cube.ide.mcu.externaltools.gnu-tools-for-stm32.14.3.rel1.linux64_1.0.100.202602081740/tools/bin/../lib/gcc/arm-none-eabi/14.3.1/thumb/v7e-m+fp/hard/crtn.o
                0x080075ec                        . = ALIGN (0x4)
                0x080075ec                        _etext = .

.vfp11_veneer   0x080075ec        0x0
 .vfp11_veneer  0x080075ec        0x0 linker stubs

.v4_bx          0x080075ec        0x0
 .v4_bx         0x080075ec        0x0 linker stubs

.iplt           0x080075ec        0x0
 .iplt          0x080075ec        0x0 /home/gll/Software/st/makeself_dir_G0dFfK/stm32cubeide_2.1.0/plugins/com.st.stm32cube.ide.mcu.externaltools.gnu-tools-for-stm32.14.3.rel1.linux64_1.0.100.202602081740/tools/bin/../lib/gcc/arm-none-eabi/14.3.1/thumb/v7e-m+fp/hard/crtbegin.o

.rodata         0x080075f0      0x4a4
                0x080075f0                        . = ALIGN (0x4)
 *(.rodata)
 .rodata        0x080075f0       0xf1 ./Core/Src/main.o
 *(.rodata*)
 *fill*         0x080076e1        0x3 
 .rodata.AHBPrescTable
                0x080076e4       0x10 ./Core/Src/system_stm32f3xx.o
                0x080076e4                AHBPrescTable
 .rodata.APBPrescTable
                0x080076f4        0x8 ./Core/Src/system_stm32f3xx.o
                0x080076f4                APBPrescTable
 .rodata.aPLLMULFactorTable
                0x080076fc       0x10 ./Drivers/STM32F3xx_HAL_Driver/Src/stm32f3xx_hal_rcc.o
 .rodata.aPredivFactorTable
                0x0800770c       0x10 ./Drivers/STM32F3xx_HAL_Driver/Src/stm32f3xx_hal_rcc.o
 .rodata._printf_float.str1.1
                0x0800771c      0x171 /home/gll/Software/st/makeself_dir_G0dFfK/stm32cubeide_2.1.0/plugins/com.st.stm32cube.ide.mcu.externaltools.gnu-tools-for-stm32.14.3.rel1.linux64_1.0.100.202602081740/tools/bin/../lib/gcc/arm-none-eabi/14.3.1/../../../../arm-none-eabi/lib/thumb/v7e-m+fp/hard/libc_nano.a(libc_a-nano-vfprintf_float.o)
                                 0x12 (size before relaxing)
 .rodata._printf_i.str1.1
                0x0800788d       0x22 /home/gll/Software/st/makeself_dir_G0dFfK/stm32cubeide_2.1.0/plugins/com.st.stm32cube.ide.mcu.externaltools.gnu-tools-for-stm32.14.3.rel1.linux64_1.0.100.202602081740/tools/bin/../lib/gcc/arm-none-eabi/14.3.1/../../../../arm-none-eabi/lib/thumb/v7e-m+fp/hard/libc_nano.a(libc_a-nano-vfprintf_i.o)
 .rodata._dtoa_r.str1.1
                0x0800788d       0x8f /home/gll/Software/st/makeself_dir_G0dFfK/stm32cubeide_2.1.0/plugins/com.st.stm32cube.ide.mcu.externaltools.gnu-tools-for-stm32.14.3.rel1.linux64_1.0.100.202602081740/tools/bin/../lib/gcc/arm-none-eabi/14.3.1/../../../../arm-none-eabi/lib/thumb/v7e-m+fp/hard/libc_nano.a(libc_a-dtoa.o)
 .rodata._Balloc.str1.1
                0x0800788d       0x70 /home/gll/Software/st/makeself_dir_G0dFfK/stm32cubeide_2.1.0/plugins/com.st.stm32cube.ide.mcu.externaltools.gnu-tools-for-stm32.14.3.rel1.linux64_1.0.100.202602081740/tools/bin/../lib/gcc/arm-none-eabi/14.3.1/../../../../arm-none-eabi/lib/thumb/v7e-m+fp/hard/libc_nano.a(libc_a-mprec.o)
 .rodata.__multadd.str1.1
                0x0800788d       0x11 /home/gll/Software/st/makeself_dir_G0dFfK/stm32cubeide_2.1.0/plugins/com.st.stm32cube.ide.mcu.externaltools.gnu-tools-for-stm32.14.3.rel1.linux64_1.0.100.202602081740/tools/bin/../lib/gcc/arm-none-eabi/14.3.1/../../../../arm-none-eabi/lib/thumb/v7e-m+fp/hard/libc_nano.a(libc_a-mprec.o)
 *fill*         0x0800788d        0x3 
 .rodata.p05.0  0x08007890        0xc /home/gll/Software/st/makeself_dir_G0dFfK/stm32cubeide_2.1.0/plugins/com.st.stm32cube.ide.mcu.externaltools.gnu-tools-for-stm32.14.3.rel1.linux64_1.0.100.202602081740/tools/bin/../lib/gcc/arm-none-eabi/14.3.1/../../../../arm-none-eabi/lib/thumb/v7e-m+fp/hard/libc_nano.a(libc_a-mprec.o)
 *fill*         0x0800789c        0x4 
 .rodata.__mprec_bigtens
                0x080078a0       0x28 /home/gll/Software/st/makeself_dir_G0dFfK/stm32cubeide_2.1.0/plugins/com.st.stm32cube.ide.mcu.externaltools.gnu-tools-for-stm32.14.3.rel1.linux64_1.0.100.202602081740/tools/bin/../lib/gcc/arm-none-eabi/14.3.1/../../../../arm-none-eabi/lib/thumb/v7e-m+fp/hard/libc_nano.a(libc_a-mprec.o)
                0x080078a0                __mprec_bigtens
 .rodata.__mprec_tens
                0x080078c8       0xc8 /home/gll/Software/st/makeself_dir_G0dFfK/stm32cubeide_2.1.0/plugins/com.st.stm32cube.ide.mcu.externaltools.gnu-tools-for-stm32.14.3.rel1.linux64_1.0.100.202602081740/tools/bin/../lib/gcc/arm-none-eabi/14.3.1/../../../../arm-none-eabi/lib/thumb/v7e-m+fp/hard/libc_nano.a(libc_a-mprec.o)
                0x080078c8                __mprec_tens
 .rodata._svfprintf_r.str1.1
                0x08007990       0x11 /home/gll/Software/st/makeself_dir_G0dFfK/stm32cubeide_2.1.0/plugins/com.st.stm32cube.ide.mcu.externaltools.gnu-tools-for-stm32.14.3.rel1.linux64_1.0.100.202602081740/tools/bin/../lib/gcc/arm-none-eabi/14.3.1/../../../../arm-none-eabi/lib/thumb/v7e-m+fp/hard/libc_nano.a(libc_a-nano-svfprintf.o)
 .rodata._setlocale_r.str1.1
                0x08007990        0x9 /home/gll/Software/st/makeself_dir_G0dFfK/stm32cubeide_2.1.0/plugins/com.st.stm32cube.ide.mcu.externaltools.gnu-tools-for-stm32.14.3.rel1.linux64_1.0.100.202602081740/tools/bin/../lib/gcc/arm-none-eabi/14.3.1/../../../../arm-none-eabi/lib/thumb/v7e-m+fp/hard/libc_nano.a(libc_a-locale.o)
 .rodata.str1.1
                0x08007990        0x2 /home/gll/Software/st/makeself_dir_G0dFfK/stm32cubeide_2.1.0/plugins/com.st.stm32cube.ide.mcu.externaltools.gnu-tools-for-stm32.14.3.rel1.linux64_1.0.100.202602081740/tools/bin/../lib/gcc/arm-none-eabi/14.3.1/../../../../arm-none-eabi/lib/thumb/v7e-m+fp/hard/libc_nano.a(libc_a-locale.o)
 .rodata.__assert_func.str1.1
                0x08007990       0x3d /home/gll/Software/st/makeself_dir_G0dFfK/stm32cubeide_2.1.0/plugins/com.st.stm32cube.ide.mcu.externaltools.gnu-tools-for-stm32.14.3.rel1.linux64_1.0.100.202602081740/tools/bin/../lib/gcc/arm-none-eabi/14.3.1/../../../../arm-none-eabi/lib/thumb/v7e-m+fp/hard/libc_nano.a(libc_a-assert.o)
 .rodata._ctype_
                0x08007990      0x101 /home/gll/Software/st/makeself_dir_G0dFfK/stm32cubeide_2.1.0/plugins/com.st.stm32cube.ide.mcu.externaltools.gnu-tools-for-stm32.14.3.rel1.linux64_1.0.100.202602081740/tools/bin/../lib/gcc/arm-none-eabi/14.3.1/../../../../arm-none-eabi/lib/thumb/v7e-m+fp/hard/libc_nano.a(libc_a-ctype_.o)
                0x08007990                _ctype_
 .rodata._vfprintf_r.str1.1
                0x08007a91       0x11 /home/gll/Software/st/makeself_dir_G0dFfK/stm32cubeide_2.1.0/plugins/com.st.stm32cube.ide.mcu.externaltools.gnu-tools-for-stm32.14.3.rel1.linux64_1.0.100.202602081740/tools/bin/../lib/gcc/arm-none-eabi/14.3.1/../../../../arm-none-eabi/lib/thumb/v7e-m+fp/hard/libc_nano.a(libc_a-nano-vfprintf.o)
                0x08007aa4                        . = ALIGN (0x4)
 *fill*         0x08007a91        0x3 

.ARM.extab      0x08007a94        0x0
                0x08007a94                        . = ALIGN (0x4)
 *(.ARM.extab* .gnu.linkonce.armextab.*)
                0x08007a94                        . = ALIGN (0x4)

.ARM            0x08007a94        0x8
                0x08007a94                        . = ALIGN (0x4)
                0x08007a94                        __exidx_start = .
 *(.ARM.exidx*)
 .ARM.exidx     0x08007a94        0x8 /home/gll/Software/st/makeself_dir_G0dFfK/stm32cubeide_2.1.0/plugins/com.st.stm32cube.ide.mcu.externaltools.gnu-tools-for-stm32.14.3.rel1.linux64_1.0.100.202602081740/tools/bin/../lib/gcc/arm-none-eabi/14.3.1/../../../../arm-none-eabi/lib/thumb/v7e-m+fp/hard/libc_nano.a(libc_a-memchr.o)
 .ARM.exidx     0x08007a9c        0x0 /home/gll/Software/st/makeself_dir_G0dFfK/stm32cubeide_2.1.0/plugins/com.st.stm32cube.ide.mcu.externaltools.gnu-tools-for-stm32.14.3.rel1.linux64_1.0.100.202602081740/tools/bin/../lib/gcc/arm-none-eabi/14.3.1/../../../../arm-none-eabi/lib/thumb/v7e-m+fp/hard/libc_nano.a(libc_a-strlen.o)
                                  0x8 (size before relaxing)
                0x08007a9c                        __exidx_end = .
                0x08007a9c                        . = ALIGN (0x4)

.rel.dyn        0x08007a9c        0x0
 .rel.iplt      0x08007a9c        0x0 /home/gll/Software/st/makeself_dir_G0dFfK/stm32cubeide_2.1.0/plugins/com.st.stm32cube.ide.mcu.externaltools.gnu-tools-for-stm32.14.3.rel1.linux64_1.0.100.202602081740/tools/bin/../lib/gcc/arm-none-eabi/14.3.1/thumb/v7e-m+fp/hard/crtbegin.o

.preinit_array  0x08007a9c        0x0
                0x08007a9c                        . = ALIGN (0x4)
                0x08007a9c                        PROVIDE (__preinit_array_start = .)
 *(.preinit_array*)
                0x08007a9c                        PROVIDE (__preinit_array_end = .)
                0x08007a9c                        . = ALIGN (0x4)

.init_array     0x08007a9c        0x4
                0x08007a9c                        . = ALIGN (0x4)
                0x08007a9c                        PROVIDE (__init_array_start = .)
 *(SORT_BY_NAME(.init_array.*))
 *(.init_array*)
 .init_array    0x08007a9c        0x4 /home/gll/Software/st/makeself_dir_G0dFfK/stm32cubeide_2.1.0/plugins/com.st.stm32cube.ide.mcu.externaltools.gnu-tools-for-stm32.14.3.rel1.linux64_1.0.100.202602081740/tools/bin/../lib/gcc/arm-none-eabi/14.3.1/thumb/v7e-m+fp/hard/crtbegin.o
                0x08007aa0                        PROVIDE (__init_array_end = .)
                0x08007aa0                        . = ALIGN (0x4)

.fini_array     0x08007aa0        0x4
                0x08007aa0                        . = ALIGN (0x4)
                [!provide]                        PROVIDE (__fini_array_start = .)
 *(SORT_BY_NAME(.fini_array.*))
 *(.fini_array*)
 .fini_array    0x08007aa0        0x4 /home/gll/Software/st/makeself_dir_G0dFfK/stm32cubeide_2.1.0/plugins/com.st.stm32cube.ide.mcu.externaltools.gnu-tools-for-stm32.14.3.rel1.linux64_1.0.100.202602081740/tools/bin/../lib/gcc/arm-none-eabi/14.3.1/thumb/v7e-m+fp/hard/crtbegin.o
                [!provide]                        PROVIDE (__fini_array_end = .)
                0x08007aa4                        . = ALIGN (0x4)
                0x08007aa4                        _sidata = LOADADDR (.data)

.data           0x20000000      0x1d8 load address 0x08007aa4
                0x20000000                        . = ALIGN (0x4)
                0x20000000                        _sdata = .
 *(.data)
 *(.data*)
 .data._LCDBackLight
                0x20000000        0x1 ./Core/Src/HD44780_I2C_lcd.o
                0x20000000                _LCDBackLight
 .data._LCDSlaveAddresI2C
                0x20000001        0x1 ./Core/Src/HD44780_I2C_lcd.o
                0x20000001                _LCDSlaveAddresI2C
 .data._NumRowsLCD
                0x20000002        0x1 ./Core/Src/HD44780_I2C_lcd.o
                0x20000002                _NumRowsLCD
 .data._NumColsLCD
                0x20000003        0x1 ./Core/Src/HD44780_I2C_lcd.o
                0x20000003                _NumColsLCD
 .data.SystemCoreClock
                0x20000004        0x4 ./Core/Src/system_stm32f3xx.o
                0x20000004                SystemCoreClock
 .data.uwTickPrio
                0x20000008        0x4 ./Drivers/STM32F3xx_HAL_Driver/Src/stm32f3xx_hal.o
                0x20000008                uwTickPrio
 .data.uwTickFreq
                0x2000000c        0x1 ./Drivers/STM32F3xx_HAL_Driver/Src/stm32f3xx_hal.o
                0x2000000c                uwTickFreq
 *fill*         0x2000000d        0x3 
 .data.__sglue  0x20000010        0xc /home/gll/Software/st/makeself_dir_G0dFfK/stm32cubeide_2.1.0/plugins/com.st.stm32cube.ide.mcu.externaltools.gnu-tools-for-stm32.14.3.rel1.linux64_1.0.100.202602081740/tools/bin/../lib/gcc/arm-none-eabi/14.3.1/../../../../arm-none-eabi/lib/thumb/v7e-m+fp/hard/libc_nano.a(libc_a-findfp.o)
                0x20000010                __sglue
 .data._impure_ptr
                0x2000001c        0x4 /home/gll/Software/st/makeself_dir_G0dFfK/stm32cubeide_2.1.0/plugins/com.st.stm32cube.ide.mcu.externaltools.gnu-tools-for-stm32.14.3.rel1.linux64_1.0.100.202602081740/tools/bin/../lib/gcc/arm-none-eabi/14.3.1/../../../../arm-none-eabi/lib/thumb/v7e-m+fp/hard/libc_nano.a(libc_a-impure.o)
                0x2000001c                _impure_ptr
 .data._impure_data
                0x20000020       0x4c /home/gll/Software/st/makeself_dir_G0dFfK/stm32cubeide_2.1.0/plugins/com.st.stm32cube.ide.mcu.externaltools.gnu-tools-for-stm32.14.3.rel1.linux64_1.0.100.202602081740/tools/bin/../lib/gcc/arm-none-eabi/14.3.1/../../../../arm-none-eabi/lib/thumb/v7e-m+fp/hard/libc_nano.a(libc_a-impure.o)
                0x20000020                _impure_data
 .data.__global_locale
                0x2000006c      0x16c /home/gll/Software/st/makeself_dir_G0dFfK/stm32cubeide_2.1.0/plugins/com.st.stm32cube.ide.mcu.externaltools.gnu-tools-for-stm32.14.3.rel1.linux64_1.0.100.202602081740/tools/bin/../lib/gcc/arm-none-eabi/14.3.1/../../../../arm-none-eabi/lib/thumb/v7e-m+fp/hard/libc_nano.a(libc_a-locale.o)
                0x2000006c                __global_locale
 *(.RamFunc)
 *(.RamFunc*)
                0x200001d8                        . = ALIGN (0x4)
                0x200001d8                        _edata = .
                0x08007c7c                        _siccmram = LOADADDR (.ccmram)

.igot.plt       0x200001d8        0x0 load address 0x08007c7c
 .igot.plt      0x200001d8        0x0 /home/gll/Software/st/makeself_dir_G0dFfK/stm32cubeide_2.1.0/plugins/com.st.stm32cube.ide.mcu.externaltools.gnu-tools-for-stm32.14.3.rel1.linux64_1.0.100.202602081740/tools/bin/../lib/gcc/arm-none-eabi/14.3.1/thumb/v7e-m+fp/hard/crtbegin.o

.ccmram         0x10000000        0x0 load address 0x08007c7c
                0x10000000                        . = ALIGN (0x4)
                0x10000000                        _sccmram = .
 *(.ccmram)
 *(.ccmram*)
                0x10000000                        . = ALIGN (0x4)
                0x10000000                        _eccmram = .
                0x10000000                        . = ALIGN (0x4)

.bss            0x200001d8      0x28c
                0x200001d8                        _sbss = .
                0x200001d8                        __bss_start__ = _sbss
 *(.bss)
 .bss           0x200001d8       0x1c /home/gll/Software/st/makeself_dir_G0dFfK/stm32cubeide_2.1.0/plugins/com.st.stm32cube.ide.mcu.externaltools.gnu-tools-for-stm32.14.3.rel1.linux64_1.0.100.202602081740/tools/bin/../lib/gcc/arm-none-eabi/14.3.1/thumb/v7e-m+fp/hard/crtbegin.o
 *(.bss*)
 .bss._hi2c1    0x200001f4        0x4 ./Core/Src/HD44780_I2C_lcd.o
                0x200001f4                _hi2c1
 .bss.LCDI2Creturn
                0x200001f8        0x1 ./Core/Src/HD44780_I2C_lcd.o
                0x200001f8                LCDI2Creturn
 *fill*         0x200001f9        0x3 
 .bss.hi2c1     0x200001fc       0x54 ./Core/Src/main.o
                0x200001fc                hi2c1
 .bss.huart2    0x20000250       0x88 ./Core/Src/main.o
                0x20000250                huart2
 .bss.uart_buf  0x200002d8       0x32 ./Core/Src/main.o
                0x200002d8                uart_buf
 *fill*         0x2000030a        0x2 
 .bss.uart_buf_len
                0x2000030c        0x4 ./Core/Src/main.o
                0x2000030c                uart_buf_len
 .bss.__sbrk_heap_end
                0x20000310        0x4 ./Core/Src/sysmem.o
 .bss.uwTick    0x20000314        0x4 ./Drivers/STM32F3xx_HAL_Driver/Src/stm32f3xx_hal.o
                0x20000314                uwTick
 .bss.__sf      0x20000318      0x138 /home/gll/Software/st/makeself_dir_G0dFfK/stm32cubeide_2.1.0/plugins/com.st.stm32cube.ide.mcu.externaltools.gnu-tools-for-stm32.14.3.rel1.linux64_1.0.100.202602081740/tools/bin/../lib/gcc/arm-none-eabi/14.3.1/../../../../arm-none-eabi/lib/thumb/v7e-m+fp/hard/libc_nano.a(libc_a-findfp.o)
                0x20000318                __sf
 .bss.__stdio_exit_handler
                0x20000450        0x4 /home/gll/Software/st/makeself_dir_G0dFfK/stm32cubeide_2.1.0/plugins/com.st.stm32cube.ide.mcu.externaltools.gnu-tools-for-stm32.14.3.rel1.linux64_1.0.100.202602081740/tools/bin/../lib/gcc/arm-none-eabi/14.3.1/../../../../arm-none-eabi/lib/thumb/v7e-m+fp/hard/libc_nano.a(libc_a-findfp.o)
                0x20000450                __stdio_exit_handler
 .bss.errno     0x20000454        0x4 /home/gll/Software/st/makeself_dir_G0dFfK/stm32cubeide_2.1.0/plugins/com.st.stm32cube.ide.mcu.externaltools.gnu-tools-for-stm32.14.3.rel1.linux64_1.0.100.202602081740/tools/bin/../lib/gcc/arm-none-eabi/14.3.1/../../../../arm-none-eabi/lib/thumb/v7e-m+fp/hard/libc_nano.a(libc_a-reent.o)
                0x20000454                errno
 .bss.__lock___malloc_recursive_mutex
                0x20000458        0x1 /home/gll/Software/st/makeself_dir_G0dFfK/stm32cubeide_2.1.0/plugins/com.st.stm32cube.ide.mcu.externaltools.gnu-tools-for-stm32.14.3.rel1.linux64_1.0.100.202602081740/tools/bin/../lib/gcc/arm-none-eabi/14.3.1/../../../../arm-none-eabi/lib/thumb/v7e-m+fp/hard/libc_nano.a(libc_a-lock.o)
                0x20000458                __lock___malloc_recursive_mutex
 .bss.__lock___sfp_recursive_mutex
                0x20000459        0x1 /home/gll/Software/st/makeself_dir_G0dFfK/stm32cubeide_2.1.0/plugins/com.st.stm32cube.ide.mcu.externaltools.gnu-tools-for-stm32.14.3.rel1.linux64_1.0.100.202602081740/tools/bin/../lib/gcc/arm-none-eabi/14.3.1/../../../../arm-none-eabi/lib/thumb/v7e-m+fp/hard/libc_nano.a(libc_a-lock.o)
                0x20000459                __lock___sfp_recursive_mutex
 *fill*         0x2000045a        0x2 
 .bss.__malloc_sbrk_start
                0x2000045c        0x4 /home/gll/Software/st/makeself_dir_G0dFfK/stm32cubeide_2.1.0/plugins/com.st.stm32cube.ide.mcu.externaltools.gnu-tools-for-stm32.14.3.rel1.linux64_1.0.100.202602081740/tools/bin/../lib/gcc/arm-none-eabi/14.3.1/../../../../arm-none-eabi/lib/thumb/v7e-m+fp/hard/libc_nano.a(libc_a-mallocr.o)
                0x2000045c                __malloc_sbrk_start
 .bss.__malloc_free_list
                0x20000460        0x4 /home/gll/Software/st/makeself_dir_G0dFfK/stm32cubeide_2.1.0/plugins/com.st.stm32cube.ide.mcu.externaltools.gnu-tools-for-stm32.14.3.rel1.linux64_1.0.100.202602081740/tools/bin/../lib/gcc/arm-none-eabi/14.3.1/../../../../arm-none-eabi/lib/thumb/v7e-m+fp/hard/libc_nano.a(libc_a-mallocr.o)
                0x20000460                __malloc_free_list
 *(COMMON)
                0x20000464                        . = ALIGN (0x4)
                0x20000464                        _ebss = .
                0x20000464                        __bss_end__ = _ebss

._user_heap_stack
                0x20000464      0x604
                0x20000468                        . = ALIGN (0x8)
 *fill*         0x20000464        0x4 
                [!provide]                        PROVIDE (end = .)
                0x20000468                        PROVIDE (_end = .)
                0x20000668                        . = (. + _Min_Heap_Size)
 *fill*         0x20000468      0x200 
                0x20000a68                        . = (. + _Min_Stack_Size)
 *fill*         0x20000668      0x400 
                0x20000a68                        . = ALIGN (0x8)

/DISCARD/
 libc.a(*)
 libm.a(*)
 libgcc.a(*)

.ARM.attributes
                0x00000000       0x30
 *(.ARM.attributes)
 .ARM.attributes
                0x00000000       0x22 /home/gll/Software/st/makeself_dir_G0dFfK/stm32cubeide_2.1.0/plugins/com.st.stm32cube.ide.mcu.externaltools.gnu-tools-for-stm32.14.3.rel1.linux64_1.0.100.202602081740/tools/bin/../lib/gcc/arm-none-eabi/14.3.1/thumb/v7e-m+fp/hard/crti.o
 .ARM.attributes
                0x00000022       0x34 /home/gll/Software/st/makeself_dir_G0dFfK/stm32cubeide_2.1.0/plugins/com.st.stm32cube.ide.mcu.externaltools.gnu-tools-for-stm32.14.3.rel1.linux64_1.0.100.202602081740/tools/bin/../lib/gcc/arm-none-eabi/14.3.1/thumb/v7e-m+fp/hard/crtbegin.o
 .ARM.attributes
                0x00000056       0x34 ./Core/Src/HD44780_I2C_lcd.o
 .ARM.attributes
                0x0000008a       0x34 ./Core/Src/main.o
 .ARM.attributes
                0x000000be       0x34 ./Core/Src/stm32f3xx_hal_msp.o
 .ARM.attributes
                0x000000f2       0x34 ./Core/Src/stm32f3xx_it.o
 .ARM.attributes
                0x00000126       0x34 ./Core/Src/syscalls.o
 .ARM.attributes
                0x0000015a       0x34 ./Core/Src/sysmem.o
 .ARM.attributes
                0x0000018e       0x34 ./Core/Src/system_stm32f3xx.o
 .ARM.attributes
                0x000001c2       0x21 ./Core/Startup/startup_stm32f303k8tx.o
 .ARM.attributes
                0x000001e3       0x34 ./Drivers/STM32F3xx_HAL_Driver/Src/stm32f3xx_hal.o
 .ARM.attributes
                0x00000217       0x34 ./Drivers/STM32F3xx_HAL_Driver/Src/stm32f3xx_hal_cortex.o
 .ARM.attributes
                0x0000024b       0x34 ./Drivers/STM32F3xx_HAL_Driver/Src/stm32f3xx_hal_gpio.o
 .ARM.attributes
                0x0000027f       0x34 ./Drivers/STM32F3xx_HAL_Driver/Src/stm32f3xx_hal_i2c.o
 .ARM.attributes
                0x000002b3       0x34 ./Drivers/STM32F3xx_HAL_Driver/Src/stm32f3xx_hal_i2c_ex.o
 .ARM.attributes
                0x000002e7       0x34 ./Drivers/STM32F3xx_HAL_Driver/Src/stm32f3xx_hal_rcc.o
 .ARM.attributes
                0x0000031b       0x34 ./Drivers/STM32F3xx_HAL_Driver/Src/stm32f3xx_hal_rcc_ex.o
 .ARM.attributes
                0x0000034f       0x34 ./Drivers/STM32F3xx_HAL_Driver/Src/stm32f3xx_hal_uart.o
 .ARM.attributes
                0x00000383       0x34 /home/gll/Software/st/makeself_dir_G0dFfK/stm32cubeide_2.1.0/plugins/com.st.stm32cube.ide.mcu.externaltools.gnu-tools-for-stm32.14.3.rel1.linux64_1.0.100.202602081740/tools/bin/../lib/gcc/arm-none-eabi/14.3.1/../../../../arm-none-eabi/lib/thumb/v7e-m+fp/hard/libc_nano.a(libc_a-nano-vfprintf_float.o)
 .ARM.attributes
                0x000003b7       0x34 /home/gll/Software/st/makeself_dir_G0dFfK/stm32cubeide_2.1.0/plugins/com.st.stm32cube.ide.mcu.externaltools.gnu-tools-for-stm32.14.3.rel1.linux64_1.0.100.202602081740/tools/bin/../lib/gcc/arm-none-eabi/14.3.1/../../../../arm-none-eabi/lib/thumb/v7e-m+fp/hard/libc_nano.a(libc_a-nano-vfprintf_i.o)
 .ARM.attributes
                0x000003eb       0x34 /home/gll/Software/st/makeself_dir_G0dFfK/stm32cubeide_2.1.0/plugins/com.st.stm32cube.ide.mcu.externaltools.gnu-tools-for-stm32.14.3.rel1.linux64_1.0.100.202602081740/tools/bin/../lib/gcc/arm-none-eabi/14.3.1/../../../../arm-none-eabi/lib/thumb/v7e-m+fp/hard/libc_nano.a(libc_a-findfp.o)
 .ARM.attributes
                0x0000041f       0x34 /home/gll/Software/st/makeself_dir_G0dFfK/stm32cubeide_2.1.0/plugins/com.st.stm32cube.ide.mcu.externaltools.gnu-tools-for-stm32.14.3.rel1.linux64_1.0.100.202602081740/tools/bin/../lib/gcc/arm-none-eabi/14.3.1/../../../../arm-none-eabi/lib/thumb/v7e-m+fp/hard/libc_nano.a(libc_a-fwalk.o)
 .ARM.attributes
                0x00000453       0x34 /home/gll/Software/st/makeself_dir_G0dFfK/stm32cubeide_2.1.0/plugins/com.st.stm32cube.ide.mcu.externaltools.gnu-tools-for-stm32.14.3.rel1.linux64_1.0.100.202602081740/tools/bin/../lib/gcc/arm-none-eabi/14.3.1/../../../../arm-none-eabi/lib/thumb/v7e-m+fp/hard/libc_nano.a(libc_a-sprintf.o)
 .ARM.attributes
                0x00000487       0x34 /home/gll/Software/st/makeself_dir_G0dFfK/stm32cubeide_2.1.0/plugins/com.st.stm32cube.ide.mcu.externaltools.gnu-tools-for-stm32.14.3.rel1.linux64_1.0.100.202602081740/tools/bin/../lib/gcc/arm-none-eabi/14.3.1/../../../../arm-none-eabi/lib/thumb/v7e-m+fp/hard/libc_nano.a(libc_a-stdio.o)
 .ARM.attributes
                0x000004bb       0x34 /home/gll/Software/st/makeself_dir_G0dFfK/stm32cubeide_2.1.0/plugins/com.st.stm32cube.ide.mcu.externaltools.gnu-tools-for-stm32.14.3.rel1.linux64_1.0.100.202602081740/tools/bin/../lib/gcc/arm-none-eabi/14.3.1/../../../../arm-none-eabi/lib/thumb/v7e-m+fp/hard/libc_nano.a(libc_a-vsprintf.o)
 .ARM.attributes
                0x000004ef       0x34 /home/gll/Software/st/makeself_dir_G0dFfK/stm32cubeide_2.1.0/plugins/com.st.stm32cube.ide.mcu.externaltools.gnu-tools-for-stm32.14.3.rel1.linux64_1.0.100.202602081740/tools/bin/../lib/gcc/arm-none-eabi/14.3.1/../../../../arm-none-eabi/lib/thumb/v7e-m+fp/hard/libc_nano.a(libc_a-memset.o)
 .ARM.attributes
                0x00000523       0x34 /home/gll/Software/st/makeself_dir_G0dFfK/stm32cubeide_2.1.0/plugins/com.st.stm32cube.ide.mcu.externaltools.gnu-tools-for-stm32.14.3.rel1.linux64_1.0.100.202602081740/tools/bin/../lib/gcc/arm-none-eabi/14.3.1/../../../../arm-none-eabi/lib/thumb/v7e-m+fp/hard/libc_nano.a(libc_a-localeconv.o)
 .ARM.attributes
                0x00000557       0x34 /home/gll/Software/st/makeself_dir_G0dFfK/stm32cubeide_2.1.0/plugins/com.st.stm32cube.ide.mcu.externaltools.gnu-tools-for-stm32.14.3.rel1.linux64_1.0.100.202602081740/tools/bin/../lib/gcc/arm-none-eabi/14.3.1/../../../../arm-none-eabi/lib/thumb/v7e-m+fp/hard/libc_nano.a(libc_a-closer.o)
 .ARM.attributes
                0x0000058b       0x34 /home/gll/Software/st/makeself_dir_G0dFfK/stm32cubeide_2.1.0/plugins/com.st.stm32cube.ide.mcu.externaltools.gnu-tools-for-stm32.14.3.rel1.linux64_1.0.100.202602081740/tools/bin/../lib/gcc/arm-none-eabi/14.3.1/../../../../arm-none-eabi/lib/thumb/v7e-m+fp/hard/libc_nano.a(libc_a-reent.o)
 .ARM.attributes
                0x000005bf       0x34 /home/gll/Software/st/makeself_dir_G0dFfK/stm32cubeide_2.1.0/plugins/com.st.stm32cube.ide.mcu.externaltools.gnu-tools-for-stm32.14.3.rel1.linux64_1.0.100.202602081740/tools/bin/../lib/gcc/arm-none-eabi/14.3.1/../../../../arm-none-eabi/lib/thumb/v7e-m+fp/hard/libc_nano.a(libc_a-impure.o)
 .ARM.attributes
                0x000005f3       0x34 /home/gll/Software/st/makeself_dir_G0dFfK/stm32cubeide_2.1.0/plugins/com.st.stm32cube.ide.mcu.externaltools.gnu-tools-for-stm32.14.3.rel1.linux64_1.0.100.202602081740/tools/bin/../lib/gcc/arm-none-eabi/14.3.1/../../../../arm-none-eabi/lib/thumb/v7e-m+fp/hard/libc_nano.a(libc_a-lseekr.o)
 .ARM.attributes
                0x00000627       0x34 /home/gll/Software/st/makeself_dir_G0dFfK/stm32cubeide_2.1.0/plugins/com.st.stm32cube.ide.mcu.externaltools.gnu-tools-for-stm32.14.3.rel1.linux64_1.0.100.202602081740/tools/bin/../lib/gcc/arm-none-eabi/14.3.1/../../../../arm-none-eabi/lib/thumb/v7e-m+fp/hard/libc_nano.a(libc_a-readr.o)
 .ARM.attributes
                0x0000065b       0x34 /home/gll/Software/st/makeself_dir_G0dFfK/stm32cubeide_2.1.0/plugins/com.st.stm32cube.ide.mcu.externaltools.gnu-tools-for-stm32.14.3.rel1.linux64_1.0.100.202602081740/tools/bin/../lib/gcc/arm-none-eabi/14.3.1/../../../../arm-none-eabi/lib/thumb/v7e-m+fp/hard/libc_nano.a(libc_a-writer.o)
 .ARM.attributes
                0x0000068f       0x34 /home/gll/Software/st/makeself_dir_G0dFfK/stm32cubeide_2.1.0/plugins/com.st.stm32cube.ide.mcu.externaltools.gnu-tools-for-stm32.14.3.rel1.linux64_1.0.100.202602081740/tools/bin/../lib/gcc/arm-none-eabi/14.3.1/../../../../arm-none-eabi/lib/thumb/v7e-m+fp/hard/libc_nano.a(libc_a-errno.o)
 .ARM.attributes
                0x000006c3       0x34 /home/gll/Software/st/makeself_dir_G0dFfK/stm32cubeide_2.1.0/plugins/com.st.stm32cube.ide.mcu.externaltools.gnu-tools-for-stm32.14.3.rel1.linux64_1.0.100.202602081740/tools/bin/../lib/gcc/arm-none-eabi/14.3.1/../../../../arm-none-eabi/lib/thumb/v7e-m+fp/hard/libc_nano.a(libc_a-init.o)
 .ARM.attributes
                0x000006f7       0x34 /home/gll/Software/st/makeself_dir_G0dFfK/stm32cubeide_2.1.0/plugins/com.st.stm32cube.ide.mcu.externaltools.gnu-tools-for-stm32.14.3.rel1.linux64_1.0.100.202602081740/tools/bin/../lib/gcc/arm-none-eabi/14.3.1/../../../../arm-none-eabi/lib/thumb/v7e-m+fp/hard/libc_nano.a(libc_a-lock.o)
 .ARM.attributes
                0x0000072b       0x1c /home/gll/Software/st/makeself_dir_G0dFfK/stm32cubeide_2.1.0/plugins/com.st.stm32cube.ide.mcu.externaltools.gnu-tools-for-stm32.14.3.rel1.linux64_1.0.100.202602081740/tools/bin/../lib/gcc/arm-none-eabi/14.3.1/../../../../arm-none-eabi/lib/thumb/v7e-m+fp/hard/libc_nano.a(libc_a-memchr.o)
 .ARM.attributes
                0x00000747       0x17 /home/gll/Software/st/makeself_dir_G0dFfK/stm32cubeide_2.1.0/plugins/com.st.stm32cube.ide.mcu.externaltools.gnu-tools-for-stm32.14.3.rel1.linux64_1.0.100.202602081740/tools/bin/../lib/gcc/arm-none-eabi/14.3.1/../../../../arm-none-eabi/lib/thumb/v7e-m+fp/hard/libc_nano.a(libc_a-strlen.o)
 .ARM.attributes
                0x0000075e       0x34 /home/gll/Software/st/makeself_dir_G0dFfK/stm32cubeide_2.1.0/plugins/com.st.stm32cube.ide.mcu.externaltools.gnu-tools-for-stm32.14.3.rel1.linux64_1.0.100.202602081740/tools/bin/../lib/gcc/arm-none-eabi/14.3.1/../../../../arm-none-eabi/lib/thumb/v7e-m+fp/hard/libc_nano.a(libc_a-dtoa.o)
 .ARM.attributes
                0x00000792       0x34 /home/gll/Software/st/makeself_dir_G0dFfK/stm32cubeide_2.1.0/plugins/com.st.stm32cube.ide.mcu.externaltools.gnu-tools-for-stm32.14.3.rel1.linux64_1.0.100.202602081740/tools/bin/../lib/gcc/arm-none-eabi/14.3.1/../../../../arm-none-eabi/lib/thumb/v7e-m+fp/hard/libc_nano.a(libc_a-freer.o)
 .ARM.attributes
                0x000007c6       0x34 /home/gll/Software/st/makeself_dir_G0dFfK/stm32cubeide_2.1.0/plugins/com.st.stm32cube.ide.mcu.externaltools.gnu-tools-for-stm32.14.3.rel1.linux64_1.0.100.202602081740/tools/bin/../lib/gcc/arm-none-eabi/14.3.1/../../../../arm-none-eabi/lib/thumb/v7e-m+fp/hard/libc_nano.a(libc_a-malloc.o)
 .ARM.attributes
                0x000007fa       0x34 /home/gll/Software/st/makeself_dir_G0dFfK/stm32cubeide_2.1.0/plugins/com.st.stm32cube.ide.mcu.externaltools.gnu-tools-for-stm32.14.3.rel1.linux64_1.0.100.202602081740/tools/bin/../lib/gcc/arm-none-eabi/14.3.1/../../../../arm-none-eabi/lib/thumb/v7e-m+fp/hard/libc_nano.a(libc_a-mallocr.o)
 .ARM.attributes
                0x0000082e       0x34 /home/gll/Software/st/makeself_dir_G0dFfK/stm32cubeide_2.1.0/plugins/com.st.stm32cube.ide.mcu.externaltools.gnu-tools-for-stm32.14.3.rel1.linux64_1.0.100.202602081740/tools/bin/../lib/gcc/arm-none-eabi/14.3.1/../../../../arm-none-eabi/lib/thumb/v7e-m+fp/hard/libc_nano.a(libc_a-mlock.o)
 .ARM.attributes
                0x00000862       0x34 /home/gll/Software/st/makeself_dir_G0dFfK/stm32cubeide_2.1.0/plugins/com.st.stm32cube.ide.mcu.externaltools.gnu-tools-for-stm32.14.3.rel1.linux64_1.0.100.202602081740/tools/bin/../lib/gcc/arm-none-eabi/14.3.1/../../../../arm-none-eabi/lib/thumb/v7e-m+fp/hard/libc_nano.a(libc_a-mprec.o)
 .ARM.attributes
                0x00000896       0x34 /home/gll/Software/st/makeself_dir_G0dFfK/stm32cubeide_2.1.0/plugins/com.st.stm32cube.ide.mcu.externaltools.gnu-tools-for-stm32.14.3.rel1.linux64_1.0.100.202602081740/tools/bin/../lib/gcc/arm-none-eabi/14.3.1/../../../../arm-none-eabi/lib/thumb/v7e-m+fp/hard/libc_nano.a(libc_a-nano-svfprintf.o)
 .ARM.attributes
                0x000008ca       0x34 /home/gll/Software/st/makeself_dir_G0dFfK/stm32cubeide_2.1.0/plugins/com.st.stm32cube.ide.mcu.externaltools.gnu-tools-for-stm32.14.3.rel1.linux64_1.0.100.202602081740/tools/bin/../lib/gcc/arm-none-eabi/14.3.1/../../../../arm-none-eabi/lib/thumb/v7e-m+fp/hard/libc_nano.a(libc_a-fflush.o)
 .ARM.attributes
                0x000008fe       0x34 /home/gll/Software/st/makeself_dir_G0dFfK/stm32cubeide_2.1.0/plugins/com.st.stm32cube.ide.mcu.externaltools.gnu-tools-for-stm32.14.3.rel1.linux64_1.0.100.202602081740/tools/bin/../lib/gcc/arm-none-eabi/14.3.1/../../../../arm-none-eabi/lib/thumb/v7e-m+fp/hard/libc_nano.a(libc_a-memmove.o)
 .ARM.attributes
                0x00000932       0x34 /home/gll/Software/st/makeself_dir_G0dFfK/stm32cubeide_2.1.0/plugins/com.st.stm32cube.ide.mcu.externaltools.gnu-tools-for-stm32.14.3.rel1.linux64_1.0.100.202602081740/tools/bin/../lib/gcc/arm-none-eabi/14.3.1/../../../../arm-none-eabi/lib/thumb/v7e-m+fp/hard/libc_nano.a(libc_a-locale.o)
 .ARM.attributes
                0x00000966       0x34 /home/gll/Software/st/makeself_dir_G0dFfK/stm32cubeide_2.1.0/plugins/com.st.stm32cube.ide.mcu.externaltools.gnu-tools-for-stm32.14.3.rel1.linux64_1.0.100.202602081740/tools/bin/../lib/gcc/arm-none-eabi/14.3.1/../../../../arm-none-eabi/lib/thumb/v7e-m+fp/hard/libc_nano.a(libc_a-sbrkr.o)
 .ARM.attributes
                0x0000099a       0x34 /home/gll/Software/st/makeself_dir_G0dFfK/stm32cubeide_2.1.0/plugins/com.st.stm32cube.ide.mcu.externaltools.gnu-tools-for-stm32.14.3.rel1.linux64_1.0.100.202602081740/tools/bin/../lib/gcc/arm-none-eabi/14.3.1/../../../../arm-none-eabi/lib/thumb/v7e-m+fp/hard/libc_nano.a(libc_a-memcpy-stub.o)
 .ARM.attributes
                0x000009ce       0x34 /home/gll/Software/st/makeself_dir_G0dFfK/stm32cubeide_2.1.0/plugins/com.st.stm32cube.ide.mcu.externaltools.gnu-tools-for-stm32.14.3.rel1.linux64_1.0.100.202602081740/tools/bin/../lib/gcc/arm-none-eabi/14.3.1/../../../../arm-none-eabi/lib/thumb/v7e-m+fp/hard/libc_nano.a(libc_a-assert.o)
 .ARM.attributes
                0x00000a02       0x34 /home/gll/Software/st/makeself_dir_G0dFfK/stm32cubeide_2.1.0/plugins/com.st.stm32cube.ide.mcu.externaltools.gnu-tools-for-stm32.14.3.rel1.linux64_1.0.100.202602081740/tools/bin/../lib/gcc/arm-none-eabi/14.3.1/../../../../arm-none-eabi/lib/thumb/v7e-m+fp/hard/libc_nano.a(libc_a-callocr.o)
 .ARM.attributes
                0x00000a36       0x34 /home/gll/Software/st/makeself_dir_G0dFfK/stm32cubeide_2.1.0/plugins/com.st.stm32cube.ide.mcu.externaltools.gnu-tools-for-stm32.14.3.rel1.linux64_1.0.100.202602081740/tools/bin/../lib/gcc/arm-none-eabi/14.3.1/../../../../arm-none-eabi/lib/thumb/v7e-m+fp/hard/libc_nano.a(libc_a-mbtowc_r.o)
 .ARM.attributes
                0x00000a6a       0x34 /home/gll/Software/st/makeself_dir_G0dFfK/stm32cubeide_2.1.0/plugins/com.st.stm32cube.ide.mcu.externaltools.gnu-tools-for-stm32.14.3.rel1.linux64_1.0.100.202602081740/tools/bin/../lib/gcc/arm-none-eabi/14.3.1/../../../../arm-none-eabi/lib/thumb/v7e-m+fp/hard/libc_nano.a(libc_a-reallocr.o)
 .ARM.attributes
                0x00000a9e       0x34 /home/gll/Software/st/makeself_dir_G0dFfK/stm32cubeide_2.1.0/plugins/com.st.stm32cube.ide.mcu.externaltools.gnu-tools-for-stm32.14.3.rel1.linux64_1.0.100.202602081740/tools/bin/../lib/gcc/arm-none-eabi/14.3.1/../../../../arm-none-eabi/lib/thumb/v7e-m+fp/hard/libc_nano.a(libc_a-wctomb_r.o)
 .ARM.attributes