../Core/Src/HD44780_I2C_lcd.c:25:6:PCF8574_LCDSendData	32	static
../Core/Src/HD44780_I2C_lcd.c:48:6:PCF8574_LCDSendCmd	32	static
../Core/Src/HD44780_I2C_lcd.c:71:6:PCF8574_LCDClearLine	24	static
../Core/Src/HD44780_I2C_lcd.c:102:6:PCF8574_LCDClearScreen	8	static
../Core/Src/HD44780_I2C_lcd.c:119:6:PCF8574_LCDResetScreen	16	static
../Core/Src/HD44780_I2C_lcd.c:133:6:PCF8574_LCDDisplayON	16	static
../Core/Src/HD44780_I2C_lcd.c:145:6:PCF8574_LCDInit	24	static
../Core/Src/HD44780_I2C_lcd.c:179:6:PCF8574_LCDSendString	16	static
../Core/Src/HD44780_I2C_lcd.c:187:6:PCF8574_LCDSendChar	16	static
../Core/Src/HD44780_I2C_lcd.c:195:6:PCF8574_LCDMoveCursor	24	static
../Core/Src/HD44780_I2C_lcd.c:213:6:PCF8574_LCDScroll	24	static
../Core/Src/HD44780_I2C_lcd.c:230:6:PCF8574_LCDGOTO	16	static
../Core/Src/HD44780_I2C_lcd.c:258:6:PCF8574_LCDCreateCustomChar	24	static
../Core/Src/HD44780_I2C_lcd.c:272:6:PCF8574_LCDPrintCustomChar	16	static
../Core/Src/HD44780_I2C_lcd.c:282:6:PCF8574_LCDBackLightSet	16	static
../Core/Src/HD44780_I2C_lcd.c:295:5:PCF8574_LCDPrintf	40	dynamic
../Core/Src/HD44780_I2C_lcd.c:312:6:PCF8574_LCDClearScreenCmd	8	static
../Core/Src/HD44780_I2C_lcd.c:319:6:PCF8574_LCDHome	8	static
